{"route":"/office/feed","width":320,"actualPath":"/office/feed","overflow":0,"errors":0}
{"route":"/office/projects/all","width":320,"actualPath":"/office/projects/all","overflow":0,"errors":0}
{"route":"/office/projects/my","width":320,"actualPath":"/office/projects/my","overflow":0,"errors":0}
{"route":"/office/projects/subscriptions","width":320,"actualPath":"/office/projects/subscriptions","overflow":0,"errors":0}
{"route":"/office/projects/invites","width":320,"actualPath":"/office/projects/invites","overflow":0,"errors":0}
{"route":"/office/projects/dashboard","width":320,"actualPath":"/office/projects/dashboard","overflow":0,"errors":0}
{"route":"/office/vacancies/all","width":320,"actualPath":"/office/vacancies/all","overflow":0,"errors":0}
{"route":"/office/program/all","width":320,"actualPath":"/office/program/all","overflow":0,"errors":0}
{"route":"/office/courses/all","width":320,"actualPath":"/office/courses/all","overflow":0,"errors":0}
{"route":"/office/members","width":320,"actualPath":"/office/members","overflow":0,"errors":0}
{"route":"/office/profile/1","width":320,"actualPath":"/office/profile/1","overflow":0,"errors":0}
{"route":"/office/profile/edit?editingStep=main","width":320,"actualPath":"/office/profile/edit","overflow":0,"errors":0}
{"route":"/office/feed","width":360,"actualPath":"/office/feed","overflow":0,"errors":0}
{"route":"/office/projects/all","width":360,"actualPath":"/office/projects/all","overflow":0,"errors":0}
{"route":"/office/projects/my","width":360,"actualPath":"/office/projects/my","overflow":0,"errors":0}
{"route":"/office/projects/subscriptions","width":360,"actualPath":"/office/projects/subscriptions","overflow":0,"errors":0}
{"route":"/office/projects/invites","width":360,"actualPath":"/office/projects/invites","overflow":0,"errors":0}
{"route":"/office/projects/dashboard","width":360,"actualPath":"/office/projects/dashboard","overflow":0,"errors":0}
{"route":"/office/vacancies/all","width":360,"actualPath":"/office/vacancies/all","overflow":0,"errors":0}
{"route":"/office/program/all","width":360,"actualPath":"/office/program/all","overflow":0,"errors":0}
{"route":"/office/courses/all","width":360,"actualPath":"/office/courses/all","overflow":0,"errors":0}
{"route":"/office/members","width":360,"actualPath":"/office/members","overflow":0,"errors":0}
{"route":"/office/profile/1","width":360,"actualPath":"/office/profile/1","overflow":0,"errors":0}
{"route":"/office/profile/edit?editingStep=main","width":360,"actualPath":"/office/profile/edit","overflow":0,"errors":0}
{"route":"/office/feed","width":375,"actualPath":"/office/feed","overflow":0,"errors":0}
{"route":"/office/projects/all","width":375,"actualPath":"/office/projects/all","overflow":0,"errors":0}
{"route":"/office/projects/my","width":375,"actualPath":"/office/projects/my","overflow":0,"errors":0}
{"route":"/office/projects/subscriptions","width":375,"actualPath":"/office/projects/subscriptions","overflow":0,"errors":0}
{"route":"/office/projects/invites","width":375,"actualPath":"/office/projects/invites","overflow":0,"errors":0}
{"route":"/office/projects/dashboard","width":375,"actualPath":"/office/projects/dashboard","overflow":0,"errors":0}
{"route":"/office/vacancies/all","width":375,"actualPath":"/office/vacancies/all","overflow":0,"errors":0}
{"route":"/office/program/all","width":375,"actualPath":"/office/program/all","overflow":0,"errors":0}
{"route":"/office/courses/all","width":375,"actualPath":"/office/courses/all","overflow":0,"errors":0}
{"route":"/office/members","width":375,"actualPath":"/office/members","overflow":0,"errors":0}
{"route":"/office/profile/1","width":375,"actualPath":"/office/profile/1","overflow":0,"errors":0}
{"route":"/office/profile/edit?editingStep=main","width":375,"actualPath":"/office/profile/edit","overflow":0,"errors":0}
{"route":"/office/feed","width":390,"actualPath":"/office/feed","overflow":0,"errors":0}
{"route":"/office/projects/all","width":390,"actualPath":"/office/projects/all","overflow":0,"errors":0}
{"route":"/office/projects/my","width":390,"actualPath":"/office/projects/my","overflow":0,"errors":0}
{"route":"/office/projects/subscriptions","width":390,"actualPath":"/office/projects/subscriptions","overflow":0,"errors":0}
{"route":"/office/projects/invites","width":390,"actualPath":"/office/projects/invites","overflow":0,"errors":0}
{"route":"/office/projects/dashboard","width":390,"actualPath":"/office/projects/dashboard","overflow":0,"errors":0}
{"route":"/office/vacancies/all","width":390,"actualPath":"/office/vacancies/all","overflow":0,"errors":0}
{"route":"/office/program/all","width":390,"actualPath":"/office/program/all","overflow":0,"errors":0}
{"route":"/office/courses/all","width":390,"actualPath":"/office/courses/all","overflow":0,"errors":0}
{"route":"/office/members","width":390,"actualPath":"/office/members","overflow":0,"errors":0}
{"route":"/office/profile/1","width":390,"actualPath":"/office/profile/1","overflow":0,"errors":0}
{"route":"/office/profile/edit?editingStep=main","width":390,"actualPath":"/office/profile/edit","overflow":0,"errors":0}
{"route":"/office/feed","width":430,"actualPath":"/office/feed","overflow":0,"errors":0}
{"route":"/office/projects/all","width":430,"actualPath":"/office/projects/all","overflow":0,"errors":0}
{"route":"/office/projects/my","width":430,"actualPath":"/office/projects/my","overflow":0,"errors":0}
{"route":"/office/projects/subscriptions","width":430,"actualPath":"/office/projects/subscriptions","overflow":0,"errors":0}
{"route":"/office/projects/invites","width":430,"actualPath":"/office/projects/invites","overflow":0,"errors":0}
{"route":"/office/projects/dashboard","width":430,"actualPath":"/office/projects/dashboard","overflow":0,"errors":0}
{"route":"/office/vacancies/all","width":430,"actualPath":"/office/vacancies/all","overflow":0,"errors":0}
{"route":"/office/program/all","width":430,"actualPath":"/office/program/all","overflow":0,"errors":0}
{"route":"/office/courses/all","width":430,"actualPath":"/office/courses/all","overflow":0,"errors":0}
{"route":"/office/members","width":430,"actualPath":"/office/members","overflow":0,"errors":0}
{"route":"/office/profile/1","width":430,"actualPath":"/office/profile/1","overflow":0,"errors":0}
{"route":"/office/profile/edit?editingStep=main","width":430,"actualPath":"/office/profile/edit","overflow":0,"errors":0}
{"route":"/office/feed","width":749,"actualPath":"/office/feed","overflow":0,"errors":0}
{"route":"/office/projects/all","width":749,"actualPath":"/office/projects/all","overflow":0,"errors":0}
{"route":"/office/projects/my","width":749,"actualPath":"/office/projects/my","overflow":0,"errors":0}
{"route":"/office/projects/subscriptions","width":749,"actualPath":"/office/projects/subscriptions","overflow":0,"errors":0}
{"route":"/office/projects/invites","width":749,"actualPath":"/office/projects/invites","overflow":0,"errors":0}
{"route":"/office/projects/dashboard","width":749,"actualPath":"/office/projects/dashboard","overflow":0,"errors":0}
{"route":"/office/vacancies/all","width":749,"actualPath":"/office/vacancies/all","overflow":0,"errors":0}
{"route":"/office/program/all","width":749,"actualPath":"/office/program/all","overflow":0,"errors":0}
{"route":"/office/courses/all","width":749,"actualPath":"/office/courses/all","overflow":0,"errors":0}
{"route":"/office/members","width":749,"actualPath":"/office/members","overflow":0,"errors":0}
{"route":"/office/profile/1","width":749,"actualPath":"/office/profile/1","overflow":0,"errors":0}
{"route":"/office/profile/edit?editingStep=main","width":749,"actualPath":"/office/profile/edit","overflow":0,"errors":0}
{"route":"/office/feed","width":750,"actualPath":"/office/feed","overflow":0,"errors":0}
{"route":"/office/projects/all","width":750,"actualPath":"/office/projects/all","overflow":0,"errors":0}
{"route":"/office/projects/my","width":750,"actualPath":"/office/projects/my","overflow":0,"errors":0}
{"route":"/office/projects/subscriptions","width":750,"actualPath":"/office/projects/subscriptions","overflow":0,"errors":0}
{"route":"/office/projects/invites","width":750,"actualPath":"/office/projects/invites","overflow":0,"errors":0}
{"route":"/office/projects/dashboard","width":750,"actualPath":"/office/projects/dashboard","overflow":0,"errors":0}
{"route":"/office/vacancies/all","width":750,"actualPath":"/office/vacancies/all","overflow":0,"errors":0}
{"route":"/office/program/all","width":750,"actualPath":"/office/program/all","overflow":0,"errors":0}
{"route":"/office/courses/all","width":750,"actualPath":"/office/courses/all","overflow":0,"errors":0}
{"route":"/office/members","width":750,"actualPath":"/office/members","overflow":0,"errors":0}
{"route":"/office/profile/1","width":750,"actualPath":"/office/profile/1","overflow":0,"errors":0}
{"route":"/office/profile/edit?editingStep=main","width":750,"actualPath":"/office/profile/edit","overflow":0,"errors":0}
{"route":"/office/feed","width":768,"actualPath":"/office/feed","overflow":0,"errors":0}
{"route":"/office/projects/all","width":768,"actualPath":"/office/projects/all","overflow":0,"errors":0}
{"route":"/office/projects/my","width":768,"actualPath":"/office/projects/my","overflow":0,"errors":0}
{"route":"/office/projects/subscriptions","width":768,"actualPath":"/office/projects/subscriptions","overflow":0,"errors":0}
{"route":"/office/projects/invites","width":768,"actualPath":"/office/projects/invites","overflow":0,"errors":0}
{"route":"/office/projects/dashboard","width":768,"actualPath":"/office/projects/dashboard","overflow":0,"errors":0}
{"route":"/office/vacancies/all","width":768,"actualPath":"/office/vacancies/all","overflow":0,"errors":0}
{"route":"/office/program/all","width":768,"actualPath":"/office/program/all","overflow":0,"errors":0}
{"route":"/office/courses/all","width":768,"actualPath":"/office/courses/all","overflow":0,"errors":0}
{"route":"/office/members","width":768,"actualPath":"/office/members","overflow":0,"errors":0}
{"route":"/office/profile/1","width":768,"actualPath":"/office/profile/1","overflow":0,"errors":0}
{"route":"/office/profile/edit?editingStep=main","width":768,"actualPath":"/office/profile/edit","overflow":0,"errors":0}
{"route":"/office/feed","width":820,"actualPath":"/office/feed","overflow":0,"errors":0}
{"route":"/office/projects/all","width":820,"actualPath":"/office/projects/all","overflow":0,"errors":0}
{"route":"/office/projects/my","width":820,"actualPath":"/office/projects/my","overflow":0,"errors":0}
{"route":"/office/projects/subscriptions","width":820,"actualPath":"/office/projects/subscriptions","overflow":0,"errors":0}
{"route":"/office/projects/invites","width":820,"actualPath":"/office/projects/invites","overflow":0,"errors":0}
{"route":"/office/projects/dashboard","width":820,"actualPath":"/office/projects/dashboard","overflow":0,"errors":0}
{"route":"/office/vacancies/all","width":820,"actualPath":"/office/vacancies/all","overflow":0,"errors":0}
{"route":"/office/program/all","width":820,"actualPath":"/office/program/all","overflow":0,"errors":0}
{"route":"/office/courses/all","width":820,"actualPath":"/office/courses/all","overflow":0,"errors":0}
{"route":"/office/members","width":820,"actualPath":"/office/members","overflow":0,"errors":0}
{"route":"/office/profile/1","width":820,"actualPath":"/office/profile/1","overflow":0,"errors":0}
{"route":"/office/profile/edit?editingStep=main","width":820,"actualPath":"/office/profile/edit","overflow":0,"errors":0}
{"route":"/office/feed","width":999,"actualPath":"/office/feed","overflow":0,"errors":0}
{"route":"/office/projects/all","width":999,"actualPath":"/office/projects/all","overflow":0,"errors":0}
{"route":"/office/projects/my","width":999,"actualPath":"/office/projects/my","overflow":0,"errors":0}
{"route":"/office/projects/subscriptions","width":999,"actualPath":"/office/projects/subscriptions","overflow":0,"errors":0}
{"route":"/office/projects/invites","width":999,"actualPath":"/office/projects/invites","overflow":0,"errors":0}
{"route":"/office/projects/dashboard","width":999,"actualPath":"/office/projects/dashboard","overflow":0,"errors":0}
{"route":"/office/vacancies/all","width":999,"actualPath":"/office/vacancies/all","overflow":0,"errors":0}
{"route":"/office/program/all","width":999,"actualPath":"/office/program/all","overflow":0,"errors":0}
{"route":"/office/courses/all","width":999,"actualPath":"/office/courses/all","overflow":0,"errors":0}
{"route":"/office/members","width":999,"actualPath":"/office/members","overflow":0,"errors":0}
{"route":"/office/profile/1","width":999,"actualPath":"/office/profile/1","overflow":0,"errors":0}
{"route":"/office/profile/edit?editingStep=main","width":999,"actualPath":"/office/profile/edit","overflow":0,"errors":0}
{"route":"/office/feed","width":1000,"actualPath":"/office/feed","overflow":0,"errors":0}
{"route":"/office/projects/all","width":1000,"actualPath":"/office/projects/all","overflow":0,"errors":0}
{"route":"/office/projects/my","width":1000,"actualPath":"/office/projects/my","overflow":0,"errors":0}
{"route":"/office/projects/subscriptions","width":1000,"actualPath":"/office/projects/subscriptions","overflow":0,"errors":0}
{"route":"/office/projects/invites","width":1000,"actualPath":"/office/projects/invites","overflow":0,"errors":0}
{"route":"/office/projects/dashboard","width":1000,"actualPath":"/office/projects/dashboard","overflow":0,"errors":0}
{"route":"/office/vacancies/all","width":1000,"actualPath":"/office/vacancies/all","overflow":0,"errors":0}
{"route":"/office/program/all","width":1000,"actualPath":"/office/program/all","overflow":0,"errors":0}
{"route":"/office/courses/all","width":1000,"actualPath":"/office/courses/all","overflow":0,"errors":0}
{"route":"/office/members","width":1000,"actualPath":"/office/members","overflow":0,"errors":0}
{"route":"/office/profile/1","width":1000,"actualPath":"/office/profile/1","overflow":0,"errors":0}
{"route":"/office/profile/edit?editingStep=main","width":1000,"actualPath":"/office/profile/edit","overflow":0,"errors":0}
{"route":"/office/feed","width":1001,"actualPath":"/office/feed","overflow":0,"errors":0}
{"route":"/office/projects/all","width":1001,"actualPath":"/office/projects/all","overflow":0,"errors":0}
{"route":"/office/projects/my","width":1001,"actualPath":"/office/projects/my","overflow":0,"errors":0}
{"route":"/office/projects/subscriptions","width":1001,"actualPath":"/office/projects/subscriptions","overflow":0,"errors":0}
{"route":"/office/projects/invites","width":1001,"actualPath":"/office/projects/invites","overflow":0,"errors":0}
{"route":"/office/projects/dashboard","width":1001,"actualPath":"/office/projects/dashboard","overflow":0,"errors":0}
{"route":"/office/vacancies/all","width":1001,"actualPath":"/office/vacancies/all","overflow":0,"errors":0}
{"route":"/office/program/all","width":1001,"actualPath":"/office/program/all","overflow":0,"errors":0}
{"route":"/office/courses/all","width":1001,"actualPath":"/office/courses/all","overflow":0,"errors":0}
{"route":"/office/members","width":1001,"actualPath":"/office/members","overflow":0,"errors":0}
{"route":"/office/profile/1","width":1001,"actualPath":"/office/profile/1","overflow":0,"errors":0}
{"route":"/office/profile/edit?editingStep=main","width":1001,"actualPath":"/office/profile/edit","overflow":0,"errors":0}
{"route":"/office/feed","width":1024,"actualPath":"/office/feed","overflow":0,"errors":0}
{"route":"/office/projects/all","width":1024,"actualPath":"/office/projects/all","overflow":0,"errors":0}
{"route":"/office/projects/my","width":1024,"actualPath":"/office/projects/my","overflow":0,"errors":0}
{"route":"/office/projects/subscriptions","width":1024,"actualPath":"/office/projects/subscriptions","overflow":0,"errors":0}
{"route":"/office/projects/invites","width":1024,"actualPath":"/office/projects/invites","overflow":0,"errors":0}
{"route":"/office/projects/dashboard","width":1024,"actualPath":"/office/projects/dashboard","overflow":0,"errors":0}
{"route":"/office/vacancies/all","width":1024,"actualPath":"/office/vacancies/all","overflow":0,"errors":0}
{"route":"/office/program/all","width":1024,"actualPath":"/office/program/all","overflow":0,"errors":0}
{"route":"/office/courses/all","width":1024,"actualPath":"/office/courses/all","overflow":0,"errors":0}
{"route":"/office/members","width":1024,"actualPath":"/office/members","overflow":0,"errors":0}
{"route":"/office/profile/1","width":1024,"actualPath":"/office/profile/1","overflow":0,"errors":0}
{"route":"/office/profile/edit?editingStep=main","width":1024,"actualPath":"/office/profile/edit","overflow":0,"errors":0}
{"route":"/office/feed","width":1280,"actualPath":"/office/feed","overflow":0,"errors":0}
{"route":"/office/projects/all","width":1280,"actualPath":"/office/projects/all","overflow":0,"errors":0}
{"route":"/office/projects/my","width":1280,"actualPath":"/office/projects/my","overflow":0,"errors":0}
{"route":"/office/projects/subscriptions","width":1280,"actualPath":"/office/projects/subscriptions","overflow":0,"errors":0}
{"route":"/office/projects/invites","width":1280,"actualPath":"/office/projects/invites","overflow":0,"errors":0}
{"route":"/office/projects/dashboard","width":1280,"actualPath":"/office/projects/dashboard","overflow":0,"errors":0}
{"route":"/office/vacancies/all","width":1280,"actualPath":"/office/vacancies/all","overflow":0,"errors":0}
{"route":"/office/program/all","width":1280,"actualPath":"/office/program/all","overflow":0,"errors":0}
{"route":"/office/courses/all","width":1280,"actualPath":"/office/courses/all","overflow":0,"errors":0}
{"route":"/office/members","width":1280,"actualPath":"/office/members","overflow":0,"errors":0}
{"route":"/office/profile/1","width":1280,"actualPath":"/office/profile/1","overflow":0,"errors":0}
{"route":"/office/profile/edit?editingStep=main","width":1280,"actualPath":"/office/profile/edit","overflow":0,"errors":0}
{"route":"/office/feed","width":1440,"actualPath":"/office/feed","overflow":0,"errors":0}
{"route":"/office/projects/all","width":1440,"actualPath":"/office/projects/all","overflow":0,"errors":0}
{"route":"/office/projects/my","width":1440,"actualPath":"/office/projects/my","overflow":0,"errors":0}
{"route":"/office/projects/subscriptions","width":1440,"actualPath":"/office/projects/subscriptions","overflow":0,"errors":0}
{"route":"/office/projects/invites","width":1440,"actualPath":"/office/projects/invites","overflow":0,"errors":0}
{"route":"/office/projects/dashboard","width":1440,"actualPath":"/office/projects/dashboard","overflow":0,"errors":0}
{"route":"/office/vacancies/all","width":1440,"actualPath":"/office/vacancies/all","overflow":0,"errors":0}
{"route":"/office/program/all","width":1440,"actualPath":"/office/program/all","overflow":0,"errors":0}
{"route":"/office/courses/all","width":1440,"actualPath":"/office/courses/all","overflow":0,"errors":0}
{"route":"/office/members","width":1440,"actualPath":"/office/members","overflow":0,"errors":0}
{"route":"/office/profile/1","width":1440,"actualPath":"/office/profile/1","overflow":0,"errors":0}
{"route":"/office/profile/edit?editingStep=main","width":1440,"actualPath":"/office/profile/edit","overflow":0,"errors":0}
{"route":"/office/feed","width":1920,"actualPath":"/office/feed","overflow":0,"errors":0}
{"route":"/office/projects/all","width":1920,"actualPath":"/office/projects/all","overflow":0,"errors":0}
{"route":"/office/projects/my","width":1920,"actualPath":"/office/projects/my","overflow":0,"errors":0}
{"route":"/office/projects/subscriptions","width":1920,"actualPath":"/office/projects/subscriptions","overflow":0,"errors":0}
{"route":"/office/projects/invites","width":1920,"actualPath":"/office/projects/invites","overflow":0,"errors":0}
{"route":"/office/projects/dashboard","width":1920,"actualPath":"/office/projects/dashboard","overflow":0,"errors":0}
{"route":"/office/vacancies/all","width":1920,"actualPath":"/office/vacancies/all","overflow":0,"errors":0}
{"route":"/office/program/all","width":1920,"actualPath":"/office/program/all","overflow":0,"errors":0}
{"route":"/office/courses/all","width":1920,"actualPath":"/office/courses/all","overflow":0,"errors":0}
{"route":"/office/members","width":1920,"actualPath":"/office/members","overflow":0,"errors":0}
{"route":"/office/profile/1","width":1920,"actualPath":"/office/profile/1","overflow":0,"errors":0}
{"route":"/office/profile/edit?editingStep=main","width":1920,"actualPath":"/office/profile/edit","overflow":0,"errors":0}
{"checks":192,"failures":0}
