{"route":"/auth/login","width":320,"actualPath":"/auth/login","overflow":0,"errors":0}
{"route":"/auth/register","width":320,"actualPath":"/auth/register","overflow":0,"errors":0}
{"route":"/auth/verification/email","width":320,"actualPath":"/auth/verification/email","overflow":0,"errors":0}
{"route":"/auth/reset_password/send_email","width":320,"actualPath":"/auth/reset_password/send_email","overflow":0,"errors":0}
{"route":"/auth/reset_password?token=responsive-fixture","width":320,"actualPath":"/auth/reset_password","overflow":0,"errors":0}
{"route":"/auth/reset_password/confirm","width":320,"actualPath":"/auth/reset_password/confirm","overflow":0,"errors":0}
{"route":"/auth/verification","width":320,"actualPath":"/office/program/all","overflow":0,"errors":0}
{"route":"/error/404","width":320,"actualPath":"/error/404","overflow":0,"errors":0}
{"route":"/error/1","width":320,"actualPath":"/error/1","overflow":0,"errors":0}
{"route":"/office/onboarding/stage-0","width":320,"actualPath":"/office/onboarding/stage-0","overflow":0,"errors":0}
{"route":"/office/onboarding/stage-1","width":320,"actualPath":"/office/onboarding/stage-1","overflow":0,"errors":0}
{"route":"/office/onboarding/stage-2","width":320,"actualPath":"/office/onboarding/stage-2","overflow":0,"errors":0}
{"route":"/office/onboarding/stage-3","width":320,"actualPath":"/office/onboarding/stage-3","overflow":0,"errors":0}
{"route":"/office/vacancies/all","width":320,"actualPath":"/office/vacancies/all","overflow":0,"errors":0}
{"route":"/office/projects/dashboard","width":320,"actualPath":"/office/projects/dashboard","overflow":0,"errors":0}
{"route":"/office/projects/my","width":320,"actualPath":"/office/projects/my","overflow":0,"errors":0}
{"route":"/office/projects/subscriptions","width":320,"actualPath":"/office/projects/subscriptions","overflow":0,"errors":0}
{"route":"/office/projects/invites","width":320,"actualPath":"/office/projects/invites","overflow":0,"errors":0}
{"route":"/office/projects/all","width":320,"actualPath":"/office/projects/all","overflow":0,"errors":0}
{"route":"/office/projects/1/edit","width":320,"actualPath":"/office/projects/1/edit","overflow":0,"errors":0}
{"route":"/office/projects/1/news/1","width":320,"actualPath":"/office/projects/1/news/1","overflow":0,"errors":0}
{"route":"/office/projects/1/vacancies","width":320,"actualPath":"/office/projects/1/vacancies","overflow":0,"errors":0}
{"route":"/office/projects/1/team","width":320,"actualPath":"/office/projects/1/team","overflow":0,"errors":0}
{"route":"/office/projects/1/work-section","width":320,"actualPath":"/office/projects/1/work-section","overflow":0,"errors":0}
{"route":"/office/projects/1/chat","width":320,"actualPath":"/office/projects/1/chat","overflow":0,"errors":0}
{"route":"/office/program/all","width":320,"actualPath":"/office/program/all","overflow":0,"errors":0}
{"route":"/office/program/1/projects","width":320,"actualPath":"/office/program/1/projects","overflow":0,"errors":0}
{"route":"/office/program/1/members","width":320,"actualPath":"/office/program/1/members","overflow":0,"errors":0}
{"route":"/office/program/1/projects-rating","width":320,"actualPath":"/office/program/1/projects-rating","overflow":0,"errors":0}
{"route":"/office/program/1/analytics","width":320,"actualPath":"/office/program/1/analytics","overflow":0,"errors":0}
{"route":"/office/courses/all","width":320,"actualPath":"/office/courses/all","overflow":0,"errors":0}
{"route":"/office/courses/1/lesson/1","width":320,"actualPath":"/office/courses/1/lesson/1","overflow":0,"errors":0}
{"route":"/office/courses/1/lesson/1/results","width":320,"actualPath":"/office/courses/1/lesson/1/results","overflow":0,"errors":0}
{"route":"/office/members","width":320,"actualPath":"/office/members","overflow":0,"errors":0}
{"route":"/office/profile/edit","width":320,"actualPath":"/office/profile/edit","overflow":0,"errors":0}
{"route":"/office/profile/1/news/1","width":320,"actualPath":"/office/profile/1/news/1","overflow":0,"errors":0}
{"route":"/office/courses/lesson/1","width":320,"actualPath":"/office/courses/all","overflow":0,"errors":0}
{"route":"/office/courses/lesson/1/results","width":320,"actualPath":"/office/courses/all","overflow":0,"errors":0}
{"route":"/office/projects/1","width":320,"actualPath":"/office/projects/1","overflow":0,"errors":0}
{"route":"/office/program/1","width":320,"actualPath":"/office/program/1","overflow":0,"errors":0}
{"route":"/office/profile/1","width":320,"actualPath":"/office/profile/1","overflow":0,"errors":0}
{"route":"/office/vacancies/1","width":320,"actualPath":"/office/vacancies/1","overflow":0,"errors":0}
{"route":"/office/vacancies/my","width":320,"actualPath":"/office/vacancies/my","overflow":0,"errors":0}
{"route":"/office/courses/1","width":320,"actualPath":"/office/courses/1","overflow":0,"errors":0}
{"route":"/office/feed","width":320,"actualPath":"/office/feed","overflow":0,"errors":0}
{"route":"/office/profile/edit?editingStep=main","width":320,"actualPath":"/office/profile/edit","overflow":0,"errors":0}
{"route":"/office/profile/edit?editingStep=education","width":320,"actualPath":"/office/profile/edit","overflow":0,"errors":0}
{"route":"/office/profile/edit?editingStep=experience","width":320,"actualPath":"/office/profile/edit","overflow":0,"errors":0}
{"route":"/office/profile/edit?editingStep=achievements","width":320,"actualPath":"/office/profile/edit","overflow":0,"errors":0}
{"route":"/office/profile/edit?editingStep=skills","width":320,"actualPath":"/office/profile/edit","overflow":0,"errors":0}
{"route":"/office/profile/edit?editingStep=settings","width":320,"actualPath":"/office/profile/edit","overflow":0,"errors":0}
{"route":"/office/projects/1/edit?editingStep=main&programLinkId=1","width":320,"actualPath":"/office/projects/1/edit","overflow":0,"errors":0}
{"route":"/office/projects/1/edit?editingStep=contacts&programLinkId=1","width":320,"actualPath":"/office/projects/1/edit","overflow":0,"errors":0}
{"route":"/office/projects/1/edit?editingStep=achievements&programLinkId=1","width":320,"actualPath":"/office/projects/1/edit","overflow":0,"errors":0}
{"route":"/office/projects/1/edit?editingStep=vacancies&programLinkId=1","width":320,"actualPath":"/office/projects/1/edit","overflow":0,"errors":0}
{"route":"/office/projects/1/edit?editingStep=team&programLinkId=1","width":320,"actualPath":"/office/projects/1/edit","overflow":0,"errors":0}
{"route":"/office/projects/1/edit?editingStep=additional&programLinkId=1","width":320,"actualPath":"/office/projects/1/edit","overflow":0,"errors":0}
{"route":"/auth/login","width":360,"actualPath":"/auth/login","overflow":0,"errors":0}
{"route":"/auth/register","width":360,"actualPath":"/auth/register","overflow":0,"errors":0}
{"route":"/auth/verification/email","width":360,"actualPath":"/auth/verification/email","overflow":0,"errors":0}
{"route":"/auth/reset_password/send_email","width":360,"actualPath":"/auth/reset_password/send_email","overflow":0,"errors":0}
{"route":"/auth/reset_password?token=responsive-fixture","width":360,"actualPath":"/auth/reset_password","overflow":0,"errors":0}
{"route":"/auth/reset_password/confirm","width":360,"actualPath":"/auth/reset_password/confirm","overflow":0,"errors":0}
{"route":"/auth/verification","width":360,"actualPath":"/office/program/all","overflow":0,"errors":0}
{"route":"/error/404","width":360,"actualPath":"/error/404","overflow":0,"errors":0}
{"route":"/error/1","width":360,"actualPath":"/error/1","overflow":0,"errors":0}
{"route":"/office/onboarding/stage-0","width":360,"actualPath":"/office/onboarding/stage-0","overflow":0,"errors":0}
{"route":"/office/onboarding/stage-1","width":360,"actualPath":"/office/onboarding/stage-1","overflow":0,"errors":0}
{"route":"/office/onboarding/stage-2","width":360,"actualPath":"/office/onboarding/stage-2","overflow":0,"errors":0}
{"route":"/office/onboarding/stage-3","width":360,"actualPath":"/office/onboarding/stage-3","overflow":0,"errors":0}
{"route":"/office/vacancies/all","width":360,"actualPath":"/office/vacancies/all","overflow":0,"errors":0}
{"route":"/office/projects/dashboard","width":360,"actualPath":"/office/projects/dashboard","overflow":0,"errors":0}
{"route":"/office/projects/my","width":360,"actualPath":"/office/projects/my","overflow":0,"errors":0}
{"route":"/office/projects/subscriptions","width":360,"actualPath":"/office/projects/subscriptions","overflow":0,"errors":0}
{"route":"/office/projects/invites","width":360,"actualPath":"/office/projects/invites","overflow":0,"errors":0}
{"route":"/office/projects/all","width":360,"actualPath":"/office/projects/all","overflow":0,"errors":0}
{"route":"/office/projects/1/edit","width":360,"actualPath":"/office/projects/1/edit","overflow":0,"errors":0}
{"route":"/office/projects/1/news/1","width":360,"actualPath":"/office/projects/1/news/1","overflow":0,"errors":0}
{"route":"/office/projects/1/vacancies","width":360,"actualPath":"/office/projects/1/vacancies","overflow":0,"errors":0}
{"route":"/office/projects/1/team","width":360,"actualPath":"/office/projects/1/team","overflow":0,"errors":0}
{"route":"/office/projects/1/work-section","width":360,"actualPath":"/office/projects/1/work-section","overflow":0,"errors":0}
{"route":"/office/projects/1/chat","width":360,"actualPath":"/office/projects/1/chat","overflow":0,"errors":0}
{"route":"/office/program/all","width":360,"actualPath":"/office/program/all","overflow":0,"errors":0}
{"route":"/office/program/1/projects","width":360,"actualPath":"/office/program/1/projects","overflow":0,"errors":0}
{"route":"/office/program/1/members","width":360,"actualPath":"/office/program/1/members","overflow":0,"errors":0}
{"route":"/office/program/1/projects-rating","width":360,"actualPath":"/office/program/1/projects-rating","overflow":0,"errors":0}
{"route":"/office/program/1/analytics","width":360,"actualPath":"/office/program/1/analytics","overflow":0,"errors":0}
{"route":"/office/courses/all","width":360,"actualPath":"/office/courses/all","overflow":0,"errors":0}
{"route":"/office/courses/1/lesson/1","width":360,"actualPath":"/office/courses/1/lesson/1","overflow":0,"errors":0}
{"route":"/office/courses/1/lesson/1/results","width":360,"actualPath":"/office/courses/1/lesson/1/results","overflow":0,"errors":0}
{"route":"/office/members","width":360,"actualPath":"/office/members","overflow":0,"errors":0}
{"route":"/office/profile/edit","width":360,"actualPath":"/office/profile/edit","overflow":0,"errors":0}
{"route":"/office/profile/1/news/1","width":360,"actualPath":"/office/profile/1/news/1","overflow":0,"errors":0}
{"route":"/office/courses/lesson/1","width":360,"actualPath":"/office/courses/all","overflow":0,"errors":0}
{"route":"/office/courses/lesson/1/results","width":360,"actualPath":"/office/courses/all","overflow":0,"errors":0}
{"route":"/office/projects/1","width":360,"actualPath":"/office/projects/1","overflow":0,"errors":0}
{"route":"/office/program/1","width":360,"actualPath":"/office/program/1","overflow":0,"errors":0}
{"route":"/office/profile/1","width":360,"actualPath":"/office/profile/1","overflow":0,"errors":0}
{"route":"/office/vacancies/1","width":360,"actualPath":"/office/vacancies/1","overflow":0,"errors":0}
{"route":"/office/vacancies/my","width":360,"actualPath":"/office/vacancies/my","overflow":0,"errors":0}
{"route":"/office/courses/1","width":360,"actualPath":"/office/courses/1","overflow":0,"errors":0}
{"route":"/office/feed","width":360,"actualPath":"/office/feed","overflow":0,"errors":0}
{"route":"/office/profile/edit?editingStep=main","width":360,"actualPath":"/office/profile/edit","overflow":0,"errors":0}
{"route":"/office/profile/edit?editingStep=education","width":360,"actualPath":"/office/profile/edit","overflow":0,"errors":0}
{"route":"/office/profile/edit?editingStep=experience","width":360,"actualPath":"/office/profile/edit","overflow":0,"errors":0}
{"route":"/office/profile/edit?editingStep=achievements","width":360,"actualPath":"/office/profile/edit","overflow":0,"errors":0}
{"route":"/office/profile/edit?editingStep=skills","width":360,"actualPath":"/office/profile/edit","overflow":0,"errors":0}
{"route":"/office/profile/edit?editingStep=settings","width":360,"actualPath":"/office/profile/edit","overflow":0,"errors":0}
{"route":"/office/projects/1/edit?editingStep=main&programLinkId=1","width":360,"actualPath":"/office/projects/1/edit","overflow":0,"errors":0}
{"route":"/office/projects/1/edit?editingStep=contacts&programLinkId=1","width":360,"actualPath":"/office/projects/1/edit","overflow":0,"errors":0}
{"route":"/office/projects/1/edit?editingStep=achievements&programLinkId=1","width":360,"actualPath":"/office/projects/1/edit","overflow":0,"errors":0}
{"route":"/office/projects/1/edit?editingStep=vacancies&programLinkId=1","width":360,"actualPath":"/office/projects/1/edit","overflow":0,"errors":0}
{"route":"/office/projects/1/edit?editingStep=team&programLinkId=1","width":360,"actualPath":"/office/projects/1/edit","overflow":0,"errors":0}
{"route":"/office/projects/1/edit?editingStep=additional&programLinkId=1","width":360,"actualPath":"/office/projects/1/edit","overflow":0,"errors":0}
{"route":"/auth/login","width":375,"actualPath":"/auth/login","overflow":0,"errors":0}
{"route":"/auth/register","width":375,"actualPath":"/auth/register","overflow":0,"errors":0}
{"route":"/auth/verification/email","width":375,"actualPath":"/auth/verification/email","overflow":0,"errors":0}
{"route":"/auth/reset_password/send_email","width":375,"actualPath":"/auth/reset_password/send_email","overflow":0,"errors":0}
{"route":"/auth/reset_password?token=responsive-fixture","width":375,"actualPath":"/auth/reset_password","overflow":0,"errors":0}
{"route":"/auth/reset_password/confirm","width":375,"actualPath":"/auth/reset_password/confirm","overflow":0,"errors":0}
{"route":"/auth/verification","width":375,"actualPath":"/office/program/all","overflow":0,"errors":0}
{"route":"/error/404","width":375,"actualPath":"/error/404","overflow":0,"errors":0}
{"route":"/error/1","width":375,"actualPath":"/error/1","overflow":0,"errors":0}
{"route":"/office/onboarding/stage-0","width":375,"actualPath":"/office/onboarding/stage-0","overflow":0,"errors":0}
{"route":"/office/onboarding/stage-1","width":375,"actualPath":"/office/onboarding/stage-1","overflow":0,"errors":0}
{"route":"/office/onboarding/stage-2","width":375,"actualPath":"/office/onboarding/stage-2","overflow":0,"errors":0}
{"route":"/office/onboarding/stage-3","width":375,"actualPath":"/office/onboarding/stage-3","overflow":0,"errors":0}
{"route":"/office/vacancies/all","width":375,"actualPath":"/office/vacancies/all","overflow":0,"errors":0}
{"route":"/office/projects/dashboard","width":375,"actualPath":"/office/projects/dashboard","overflow":0,"errors":0}
{"route":"/office/projects/my","width":375,"actualPath":"/office/projects/my","overflow":0,"errors":0}
{"route":"/office/projects/subscriptions","width":375,"actualPath":"/office/projects/subscriptions","overflow":0,"errors":0}
{"route":"/office/projects/invites","width":375,"actualPath":"/office/projects/invites","overflow":0,"errors":0}
{"route":"/office/projects/all","width":375,"actualPath":"/office/projects/all","overflow":0,"errors":0}
{"route":"/office/projects/1/edit","width":375,"actualPath":"/office/projects/1/edit","overflow":0,"errors":0}
{"route":"/office/projects/1/news/1","width":375,"actualPath":"/office/projects/1/news/1","overflow":0,"errors":0}
{"route":"/office/projects/1/vacancies","width":375,"actualPath":"/office/projects/1/vacancies","overflow":0,"errors":0}
{"route":"/office/projects/1/team","width":375,"actualPath":"/office/projects/1/team","overflow":0,"errors":0}
{"route":"/office/projects/1/work-section","width":375,"actualPath":"/office/projects/1/work-section","overflow":0,"errors":0}
{"route":"/office/projects/1/chat","width":375,"actualPath":"/office/projects/1/chat","overflow":0,"errors":0}
{"route":"/office/program/all","width":375,"actualPath":"/office/program/all","overflow":0,"errors":0}
{"route":"/office/program/1/projects","width":375,"actualPath":"/office/program/1/projects","overflow":0,"errors":0}
{"route":"/office/program/1/members","width":375,"actualPath":"/office/program/1/members","overflow":0,"errors":0}
{"route":"/office/program/1/projects-rating","width":375,"actualPath":"/office/program/1/projects-rating","overflow":0,"errors":0}
{"route":"/office/program/1/analytics","width":375,"actualPath":"/office/program/1/analytics","overflow":0,"errors":0}
{"route":"/office/courses/all","width":375,"actualPath":"/office/courses/all","overflow":0,"errors":0}
{"route":"/office/courses/1/lesson/1","width":375,"actualPath":"/office/courses/1/lesson/1","overflow":0,"errors":0}
{"route":"/office/courses/1/lesson/1/results","width":375,"actualPath":"/office/courses/1/lesson/1/results","overflow":0,"errors":0}
{"route":"/office/members","width":375,"actualPath":"/office/members","overflow":0,"errors":0}
{"route":"/office/profile/edit","width":375,"actualPath":"/office/profile/edit","overflow":0,"errors":0}
{"route":"/office/profile/1/news/1","width":375,"actualPath":"/office/profile/1/news/1","overflow":0,"errors":0}
{"route":"/office/courses/lesson/1","width":375,"actualPath":"/office/courses/all","overflow":0,"errors":0}
{"route":"/office/courses/lesson/1/results","width":375,"actualPath":"/office/courses/all","overflow":0,"errors":0}
{"route":"/office/projects/1","width":375,"actualPath":"/office/projects/1","overflow":0,"errors":0}
{"route":"/office/program/1","width":375,"actualPath":"/office/program/1","overflow":0,"errors":0}
{"route":"/office/profile/1","width":375,"actualPath":"/office/profile/1","overflow":0,"errors":0}
{"route":"/office/vacancies/1","width":375,"actualPath":"/office/vacancies/1","overflow":0,"errors":0}
{"route":"/office/vacancies/my","width":375,"actualPath":"/office/vacancies/my","overflow":0,"errors":0}
{"route":"/office/courses/1","width":375,"actualPath":"/office/courses/1","overflow":0,"errors":0}
{"route":"/office/feed","width":375,"actualPath":"/office/feed","overflow":0,"errors":0}
{"route":"/office/profile/edit?editingStep=main","width":375,"actualPath":"/office/profile/edit","overflow":0,"errors":0}
{"route":"/office/profile/edit?editingStep=education","width":375,"actualPath":"/office/profile/edit","overflow":0,"errors":0}
{"route":"/office/profile/edit?editingStep=experience","width":375,"actualPath":"/office/profile/edit","overflow":0,"errors":0}
{"route":"/office/profile/edit?editingStep=achievements","width":375,"actualPath":"/office/profile/edit","overflow":0,"errors":0}
{"route":"/office/profile/edit?editingStep=skills","width":375,"actualPath":"/office/profile/edit","overflow":0,"errors":0}
{"route":"/office/profile/edit?editingStep=settings","width":375,"actualPath":"/office/profile/edit","overflow":0,"errors":0}
{"route":"/office/projects/1/edit?editingStep=main&programLinkId=1","width":375,"actualPath":"/office/projects/1/edit","overflow":0,"errors":0}
{"route":"/office/projects/1/edit?editingStep=contacts&programLinkId=1","width":375,"actualPath":"/office/projects/1/edit","overflow":0,"errors":0}
{"route":"/office/projects/1/edit?editingStep=achievements&programLinkId=1","width":375,"actualPath":"/office/projects/1/edit","overflow":0,"errors":0}
{"route":"/office/projects/1/edit?editingStep=vacancies&programLinkId=1","width":375,"actualPath":"/office/projects/1/edit","overflow":0,"errors":0}
{"route":"/office/projects/1/edit?editingStep=team&programLinkId=1","width":375,"actualPath":"/office/projects/1/edit","overflow":0,"errors":0}
{"route":"/office/projects/1/edit?editingStep=additional&programLinkId=1","width":375,"actualPath":"/office/projects/1/edit","overflow":0,"errors":0}
{"route":"/auth/login","width":390,"actualPath":"/auth/login","overflow":0,"errors":0}
{"route":"/auth/register","width":390,"actualPath":"/auth/register","overflow":0,"errors":0}
{"route":"/auth/verification/email","width":390,"actualPath":"/auth/verification/email","overflow":0,"errors":0}
{"route":"/auth/reset_password/send_email","width":390,"actualPath":"/auth/reset_password/send_email","overflow":0,"errors":0}
{"route":"/auth/reset_password?token=responsive-fixture","width":390,"actualPath":"/auth/reset_password","overflow":0,"errors":0}
{"route":"/auth/reset_password/confirm","width":390,"actualPath":"/auth/reset_password/confirm","overflow":0,"errors":0}
{"route":"/auth/verification","width":390,"actualPath":"/office/program/all","overflow":0,"errors":0}
{"route":"/error/404","width":390,"actualPath":"/error/404","overflow":0,"errors":0}
{"route":"/error/1","width":390,"actualPath":"/error/1","overflow":0,"errors":0}
{"route":"/office/onboarding/stage-0","width":390,"actualPath":"/office/onboarding/stage-0","overflow":0,"errors":0}
{"route":"/office/onboarding/stage-1","width":390,"actualPath":"/office/onboarding/stage-1","overflow":0,"errors":0}
{"route":"/office/onboarding/stage-2","width":390,"actualPath":"/office/onboarding/stage-2","overflow":0,"errors":0}
{"route":"/office/onboarding/stage-3","width":390,"actualPath":"/office/onboarding/stage-3","overflow":0,"errors":0}
{"route":"/office/vacancies/all","width":390,"actualPath":"/office/vacancies/all","overflow":0,"errors":0}
{"route":"/office/projects/dashboard","width":390,"actualPath":"/office/projects/dashboard","overflow":0,"errors":0}
{"route":"/office/projects/my","width":390,"actualPath":"/office/projects/my","overflow":0,"errors":0}
{"route":"/office/projects/subscriptions","width":390,"actualPath":"/office/projects/subscriptions","overflow":0,"errors":0}
{"route":"/office/projects/invites","width":390,"actualPath":"/office/projects/invites","overflow":0,"errors":0}
{"route":"/office/projects/all","width":390,"actualPath":"/office/projects/all","overflow":0,"errors":0}
{"route":"/office/projects/1/edit","width":390,"actualPath":"/office/projects/1/edit","overflow":0,"errors":0}
{"route":"/office/projects/1/news/1","width":390,"actualPath":"/office/projects/1/news/1","overflow":0,"errors":0}
{"route":"/office/projects/1/vacancies","width":390,"actualPath":"/office/projects/1/vacancies","overflow":0,"errors":0}
{"route":"/office/projects/1/team","width":390,"actualPath":"/office/projects/1/team","overflow":0,"errors":0}
{"route":"/office/projects/1/work-section","width":390,"actualPath":"/office/projects/1/work-section","overflow":0,"errors":0}
{"route":"/office/projects/1/chat","width":390,"actualPath":"/office/projects/1/chat","overflow":0,"errors":0}
{"route":"/office/program/all","width":390,"actualPath":"/office/program/all","overflow":0,"errors":0}
{"route":"/office/program/1/projects","width":390,"actualPath":"/office/program/1/projects","overflow":0,"errors":0}
{"route":"/office/program/1/members","width":390,"actualPath":"/office/program/1/members","overflow":0,"errors":0}
{"route":"/office/program/1/projects-rating","width":390,"actualPath":"/office/program/1/projects-rating","overflow":0,"errors":0}
{"route":"/office/program/1/analytics","width":390,"actualPath":"/office/program/1/analytics","overflow":0,"errors":0}
{"route":"/office/courses/all","width":390,"actualPath":"/office/courses/all","overflow":0,"errors":0}
{"route":"/office/courses/1/lesson/1","width":390,"actualPath":"/office/courses/1/lesson/1","overflow":0,"errors":0}
{"route":"/office/courses/1/lesson/1/results","width":390,"actualPath":"/office/courses/1/lesson/1/results","overflow":0,"errors":0}
{"route":"/office/members","width":390,"actualPath":"/office/members","overflow":0,"errors":0}
{"route":"/office/profile/edit","width":390,"actualPath":"/office/profile/edit","overflow":0,"errors":0}
{"route":"/office/profile/1/news/1","width":390,"actualPath":"/office/profile/1/news/1","overflow":0,"errors":0}
{"route":"/office/courses/lesson/1","width":390,"actualPath":"/office/courses/all","overflow":0,"errors":0}
{"route":"/office/courses/lesson/1/results","width":390,"actualPath":"/office/courses/all","overflow":0,"errors":0}
{"route":"/office/projects/1","width":390,"actualPath":"/office/projects/1","overflow":0,"errors":0}
{"route":"/office/program/1","width":390,"actualPath":"/office/program/1","overflow":0,"errors":0}
{"route":"/office/profile/1","width":390,"actualPath":"/office/profile/1","overflow":0,"errors":0}
{"route":"/office/vacancies/1","width":390,"actualPath":"/office/vacancies/1","overflow":0,"errors":0}
{"route":"/office/vacancies/my","width":390,"actualPath":"/office/vacancies/my","overflow":0,"errors":0}
{"route":"/office/courses/1","width":390,"actualPath":"/office/courses/1","overflow":0,"errors":0}
{"route":"/office/feed","width":390,"actualPath":"/office/feed","overflow":0,"errors":0}
{"route":"/office/profile/edit?editingStep=main","width":390,"actualPath":"/office/profile/edit","overflow":0,"errors":0}
{"route":"/office/profile/edit?editingStep=education","width":390,"actualPath":"/office/profile/edit","overflow":0,"errors":0}
{"route":"/office/profile/edit?editingStep=experience","width":390,"actualPath":"/office/profile/edit","overflow":0,"errors":0}
{"route":"/office/profile/edit?editingStep=achievements","width":390,"actualPath":"/office/profile/edit","overflow":0,"errors":0}
{"route":"/office/profile/edit?editingStep=skills","width":390,"actualPath":"/office/profile/edit","overflow":0,"errors":0}
{"route":"/office/profile/edit?editingStep=settings","width":390,"actualPath":"/office/profile/edit","overflow":0,"errors":0}
{"route":"/office/projects/1/edit?editingStep=main&programLinkId=1","width":390,"actualPath":"/office/projects/1/edit","overflow":0,"errors":0}
{"route":"/office/projects/1/edit?editingStep=contacts&programLinkId=1","width":390,"actualPath":"/office/projects/1/edit","overflow":0,"errors":0}
{"route":"/office/projects/1/edit?editingStep=achievements&programLinkId=1","width":390,"actualPath":"/office/projects/1/edit","overflow":0,"errors":0}
{"route":"/office/projects/1/edit?editingStep=vacancies&programLinkId=1","width":390,"actualPath":"/office/projects/1/edit","overflow":0,"errors":0}
{"route":"/office/projects/1/edit?editingStep=team&programLinkId=1","width":390,"actualPath":"/office/projects/1/edit","overflow":0,"errors":0}
{"route":"/office/projects/1/edit?editingStep=additional&programLinkId=1","width":390,"actualPath":"/office/projects/1/edit","overflow":0,"errors":0}
{"route":"/auth/login","width":430,"actualPath":"/auth/login","overflow":0,"errors":0}
{"route":"/auth/register","width":430,"actualPath":"/auth/register","overflow":0,"errors":0}
{"route":"/auth/verification/email","width":430,"actualPath":"/auth/verification/email","overflow":0,"errors":0}
{"route":"/auth/reset_password/send_email","width":430,"actualPath":"/auth/reset_password/send_email","overflow":0,"errors":0}
{"route":"/auth/reset_password?token=responsive-fixture","width":430,"actualPath":"/auth/reset_password","overflow":0,"errors":0}
{"route":"/auth/reset_password/confirm","width":430,"actualPath":"/auth/reset_password/confirm","overflow":0,"errors":0}
{"route":"/auth/verification","width":430,"actualPath":"/office/program/all","overflow":0,"errors":0}
{"route":"/error/404","width":430,"actualPath":"/error/404","overflow":0,"errors":0}
{"route":"/error/1","width":430,"actualPath":"/error/1","overflow":0,"errors":0}
{"route":"/office/onboarding/stage-0","width":430,"actualPath":"/office/onboarding/stage-0","overflow":0,"errors":0}
{"route":"/office/onboarding/stage-1","width":430,"actualPath":"/office/onboarding/stage-1","overflow":0,"errors":0}
{"route":"/office/onboarding/stage-2","width":430,"actualPath":"/office/onboarding/stage-2","overflow":0,"errors":0}
{"route":"/office/onboarding/stage-3","width":430,"actualPath":"/office/onboarding/stage-3","overflow":0,"errors":0}
{"route":"/office/vacancies/all","width":430,"actualPath":"/office/vacancies/all","overflow":0,"errors":0}
{"route":"/office/projects/dashboard","width":430,"actualPath":"/office/projects/dashboard","overflow":0,"errors":0}
{"route":"/office/projects/my","width":430,"actualPath":"/office/projects/my","overflow":0,"errors":0}
{"route":"/office/projects/subscriptions","width":430,"actualPath":"/office/projects/subscriptions","overflow":0,"errors":0}
{"route":"/office/projects/invites","width":430,"actualPath":"/office/projects/invites","overflow":0,"errors":0}
{"route":"/office/projects/all","width":430,"actualPath":"/office/projects/all","overflow":0,"errors":0}
{"route":"/office/projects/1/edit","width":430,"actualPath":"/office/projects/1/edit","overflow":0,"errors":0}
{"route":"/office/projects/1/news/1","width":430,"actualPath":"/office/projects/1/news/1","overflow":0,"errors":0}
{"route":"/office/projects/1/vacancies","width":430,"actualPath":"/office/projects/1/vacancies","overflow":0,"errors":0}
{"route":"/office/projects/1/team","width":430,"actualPath":"/office/projects/1/team","overflow":0,"errors":0}
{"route":"/office/projects/1/work-section","width":430,"actualPath":"/office/projects/1/work-section","overflow":0,"errors":0}
{"route":"/office/projects/1/chat","width":430,"actualPath":"/office/projects/1/chat","overflow":0,"errors":0}
{"route":"/office/program/all","width":430,"actualPath":"/office/program/all","overflow":0,"errors":0}
{"route":"/office/program/1/projects","width":430,"actualPath":"/office/program/1/projects","overflow":0,"errors":0}
{"route":"/office/program/1/members","width":430,"actualPath":"/office/program/1/members","overflow":0,"errors":0}
{"route":"/office/program/1/projects-rating","width":430,"actualPath":"/office/program/1/projects-rating","overflow":0,"errors":0}
{"route":"/office/program/1/analytics","width":430,"actualPath":"/office/program/1/analytics","overflow":0,"errors":0}
{"route":"/office/courses/all","width":430,"actualPath":"/office/courses/all","overflow":0,"errors":0}
{"route":"/office/courses/1/lesson/1","width":430,"actualPath":"/office/courses/1/lesson/1","overflow":0,"errors":0}
{"route":"/office/courses/1/lesson/1/results","width":430,"actualPath":"/office/courses/1/lesson/1/results","overflow":0,"errors":0}
{"route":"/office/members","width":430,"actualPath":"/office/members","overflow":0,"errors":0}
{"route":"/office/profile/edit","width":430,"actualPath":"/office/profile/edit","overflow":0,"errors":0}
{"route":"/office/profile/1/news/1","width":430,"actualPath":"/office/profile/1/news/1","overflow":0,"errors":0}
{"route":"/office/courses/lesson/1","width":430,"actualPath":"/office/courses/all","overflow":0,"errors":0}
{"route":"/office/courses/lesson/1/results","width":430,"actualPath":"/office/courses/all","overflow":0,"errors":0}
{"route":"/office/projects/1","width":430,"actualPath":"/office/projects/1","overflow":0,"errors":0}
{"route":"/office/program/1","width":430,"actualPath":"/office/program/1","overflow":0,"errors":0}
{"route":"/office/profile/1","width":430,"actualPath":"/office/profile/1","overflow":0,"errors":0}
{"route":"/office/vacancies/1","width":430,"actualPath":"/office/vacancies/1","overflow":0,"errors":0}
{"route":"/office/vacancies/my","width":430,"actualPath":"/office/vacancies/my","overflow":0,"errors":0}
{"route":"/office/courses/1","width":430,"actualPath":"/office/courses/1","overflow":0,"errors":0}
{"route":"/office/feed","width":430,"actualPath":"/office/feed","overflow":0,"errors":0}
{"route":"/office/profile/edit?editingStep=main","width":430,"actualPath":"/office/profile/edit","overflow":0,"errors":0}
{"route":"/office/profile/edit?editingStep=education","width":430,"actualPath":"/office/profile/edit","overflow":0,"errors":0}
{"route":"/office/profile/edit?editingStep=experience","width":430,"actualPath":"/office/profile/edit","overflow":0,"errors":0}
{"route":"/office/profile/edit?editingStep=achievements","width":430,"actualPath":"/office/profile/edit","overflow":0,"errors":0}
{"route":"/office/profile/edit?editingStep=skills","width":430,"actualPath":"/office/profile/edit","overflow":0,"errors":0}
{"route":"/office/profile/edit?editingStep=settings","width":430,"actualPath":"/office/profile/edit","overflow":0,"errors":0}
{"route":"/office/projects/1/edit?editingStep=main&programLinkId=1","width":430,"actualPath":"/office/projects/1/edit","overflow":0,"errors":0}
{"route":"/office/projects/1/edit?editingStep=contacts&programLinkId=1","width":430,"actualPath":"/office/projects/1/edit","overflow":0,"errors":0}
{"route":"/office/projects/1/edit?editingStep=achievements&programLinkId=1","width":430,"actualPath":"/office/projects/1/edit","overflow":0,"errors":0}
{"route":"/office/projects/1/edit?editingStep=vacancies&programLinkId=1","width":430,"actualPath":"/office/projects/1/edit","overflow":0,"errors":0}
{"route":"/office/projects/1/edit?editingStep=team&programLinkId=1","width":430,"actualPath":"/office/projects/1/edit","overflow":0,"errors":0}
{"route":"/office/projects/1/edit?editingStep=additional&programLinkId=1","width":430,"actualPath":"/office/projects/1/edit","overflow":0,"errors":0}
{"route":"/auth/login","width":749,"actualPath":"/auth/login","overflow":0,"errors":0}
{"route":"/auth/register","width":749,"actualPath":"/auth/register","overflow":0,"errors":0}
{"route":"/auth/verification/email","width":749,"actualPath":"/auth/verification/email","overflow":0,"errors":0}
{"route":"/auth/reset_password/send_email","width":749,"actualPath":"/auth/reset_password/send_email","overflow":0,"errors":0}
{"route":"/auth/reset_password?token=responsive-fixture","width":749,"actualPath":"/auth/reset_password","overflow":0,"errors":0}
{"route":"/auth/reset_password/confirm","width":749,"actualPath":"/auth/reset_password/confirm","overflow":0,"errors":0}
{"route":"/auth/verification","width":749,"actualPath":"/office/program/all","overflow":0,"errors":0}
{"route":"/error/404","width":749,"actualPath":"/error/404","overflow":0,"errors":0}
{"route":"/error/1","width":749,"actualPath":"/error/1","overflow":0,"errors":0}
{"route":"/office/onboarding/stage-0","width":749,"actualPath":"/office/onboarding/stage-0","overflow":0,"errors":0}
{"route":"/office/onboarding/stage-1","width":749,"actualPath":"/office/onboarding/stage-1","overflow":0,"errors":0}
{"route":"/office/onboarding/stage-2","width":749,"actualPath":"/office/onboarding/stage-2","overflow":0,"errors":0}
{"route":"/office/onboarding/stage-3","width":749,"actualPath":"/office/onboarding/stage-3","overflow":0,"errors":0}
{"route":"/office/vacancies/all","width":749,"actualPath":"/office/vacancies/all","overflow":0,"errors":0}
{"route":"/office/projects/dashboard","width":749,"actualPath":"/office/projects/dashboard","overflow":0,"errors":0}
{"route":"/office/projects/my","width":749,"actualPath":"/office/projects/my","overflow":0,"errors":0}
{"route":"/office/projects/subscriptions","width":749,"actualPath":"/office/projects/subscriptions","overflow":0,"errors":0}
{"route":"/office/projects/invites","width":749,"actualPath":"/office/projects/invites","overflow":0,"errors":0}
{"route":"/office/projects/all","width":749,"actualPath":"/office/projects/all","overflow":0,"errors":0}
{"route":"/office/projects/1/edit","width":749,"actualPath":"/office/projects/1/edit","overflow":0,"errors":0}
{"route":"/office/projects/1/news/1","width":749,"actualPath":"/office/projects/1/news/1","overflow":0,"errors":0}
{"route":"/office/projects/1/vacancies","width":749,"actualPath":"/office/projects/1/vacancies","overflow":0,"errors":0}
{"route":"/office/projects/1/team","width":749,"actualPath":"/office/projects/1/team","overflow":0,"errors":0}
{"route":"/office/projects/1/work-section","width":749,"actualPath":"/office/projects/1/work-section","overflow":0,"errors":0}
{"route":"/office/projects/1/chat","width":749,"actualPath":"/office/projects/1/chat","overflow":0,"errors":0}
{"route":"/office/program/all","width":749,"actualPath":"/office/program/all","overflow":0,"errors":0}
{"route":"/office/program/1/projects","width":749,"actualPath":"/office/program/1/projects","overflow":0,"errors":0}
{"route":"/office/program/1/members","width":749,"actualPath":"/office/program/1/members","overflow":0,"errors":0}
{"route":"/office/program/1/projects-rating","width":749,"actualPath":"/office/program/1/projects-rating","overflow":0,"errors":0}
{"route":"/office/program/1/analytics","width":749,"actualPath":"/office/program/1/analytics","overflow":0,"errors":0}
{"route":"/office/courses/all","width":749,"actualPath":"/office/courses/all","overflow":0,"errors":0}
{"route":"/office/courses/1/lesson/1","width":749,"actualPath":"/office/courses/1/lesson/1","overflow":0,"errors":0}
{"route":"/office/courses/1/lesson/1/results","width":749,"actualPath":"/office/courses/1/lesson/1/results","overflow":0,"errors":0}
{"route":"/office/members","width":749,"actualPath":"/office/members","overflow":0,"errors":0}
{"route":"/office/profile/edit","width":749,"actualPath":"/office/profile/edit","overflow":0,"errors":0}
{"route":"/office/profile/1/news/1","width":749,"actualPath":"/office/profile/1/news/1","overflow":0,"errors":0}
{"route":"/office/courses/lesson/1","width":749,"actualPath":"/office/courses/all","overflow":0,"errors":0}
{"route":"/office/courses/lesson/1/results","width":749,"actualPath":"/office/courses/all","overflow":0,"errors":0}
{"route":"/office/projects/1","width":749,"actualPath":"/office/projects/1","overflow":0,"errors":0}
{"route":"/office/program/1","width":749,"actualPath":"/office/program/1","overflow":0,"errors":0}
{"route":"/office/profile/1","width":749,"actualPath":"/office/profile/1","overflow":0,"errors":0}
{"route":"/office/vacancies/1","width":749,"actualPath":"/office/vacancies/1","overflow":0,"errors":0}
{"route":"/office/vacancies/my","width":749,"actualPath":"/office/vacancies/my","overflow":0,"errors":0}
{"route":"/office/courses/1","width":749,"actualPath":"/office/courses/1","overflow":0,"errors":0}
{"route":"/office/feed","width":749,"actualPath":"/office/feed","overflow":0,"errors":0}
{"route":"/office/profile/edit?editingStep=main","width":749,"actualPath":"/office/profile/edit","overflow":0,"errors":0}
{"route":"/office/profile/edit?editingStep=education","width":749,"actualPath":"/office/profile/edit","overflow":0,"errors":0}
{"route":"/office/profile/edit?editingStep=experience","width":749,"actualPath":"/office/profile/edit","overflow":0,"errors":0}
{"route":"/office/profile/edit?editingStep=achievements","width":749,"actualPath":"/office/profile/edit","overflow":0,"errors":0}
{"route":"/office/profile/edit?editingStep=skills","width":749,"actualPath":"/office/profile/edit","overflow":0,"errors":0}
{"route":"/office/profile/edit?editingStep=settings","width":749,"actualPath":"/office/profile/edit","overflow":0,"errors":0}
{"route":"/office/projects/1/edit?editingStep=main&programLinkId=1","width":749,"actualPath":"/office/projects/1/edit","overflow":0,"errors":0}
{"route":"/office/projects/1/edit?editingStep=contacts&programLinkId=1","width":749,"actualPath":"/office/projects/1/edit","overflow":0,"errors":0}
{"route":"/office/projects/1/edit?editingStep=achievements&programLinkId=1","width":749,"actualPath":"/office/projects/1/edit","overflow":0,"errors":0}
{"route":"/office/projects/1/edit?editingStep=vacancies&programLinkId=1","width":749,"actualPath":"/office/projects/1/edit","overflow":0,"errors":0}
{"route":"/office/projects/1/edit?editingStep=team&programLinkId=1","width":749,"actualPath":"/office/projects/1/edit","overflow":0,"errors":0}
{"route":"/office/projects/1/edit?editingStep=additional&programLinkId=1","width":749,"actualPath":"/office/projects/1/edit","overflow":0,"errors":0}
{"route":"/auth/login","width":750,"actualPath":"/auth/login","overflow":0,"errors":0}
{"route":"/auth/register","width":750,"actualPath":"/auth/register","overflow":0,"errors":0}
{"route":"/auth/verification/email","width":750,"actualPath":"/auth/verification/email","overflow":0,"errors":0}
{"route":"/auth/reset_password/send_email","width":750,"actualPath":"/auth/reset_password/send_email","overflow":0,"errors":0}
{"route":"/auth/reset_password?token=responsive-fixture","width":750,"actualPath":"/auth/reset_password","overflow":0,"errors":0}
{"route":"/auth/reset_password/confirm","width":750,"actualPath":"/auth/reset_password/confirm","overflow":0,"errors":0}
{"route":"/auth/verification","width":750,"actualPath":"/office/program/all","overflow":0,"errors":0}
{"route":"/error/404","width":750,"actualPath":"/error/404","overflow":0,"errors":0}
{"route":"/error/1","width":750,"actualPath":"/error/1","overflow":0,"errors":0}
{"route":"/office/onboarding/stage-0","width":750,"actualPath":"/office/onboarding/stage-0","overflow":0,"errors":0}
{"route":"/office/onboarding/stage-1","width":750,"actualPath":"/office/onboarding/stage-1","overflow":0,"errors":0}
{"route":"/office/onboarding/stage-2","width":750,"actualPath":"/office/onboarding/stage-2","overflow":0,"errors":0}
{"route":"/office/onboarding/stage-3","width":750,"actualPath":"/office/onboarding/stage-3","overflow":0,"errors":0}
{"route":"/office/vacancies/all","width":750,"actualPath":"/office/vacancies/all","overflow":0,"errors":0}
{"route":"/office/projects/dashboard","width":750,"actualPath":"/office/projects/dashboard","overflow":0,"errors":0}
{"route":"/office/projects/my","width":750,"actualPath":"/office/projects/my","overflow":0,"errors":0}
{"route":"/office/projects/subscriptions","width":750,"actualPath":"/office/projects/subscriptions","overflow":0,"errors":0}
{"route":"/office/projects/invites","width":750,"actualPath":"/office/projects/invites","overflow":0,"errors":0}
{"route":"/office/projects/all","width":750,"actualPath":"/office/projects/all","overflow":0,"errors":0}
{"route":"/office/projects/1/edit","width":750,"actualPath":"/office/projects/1/edit","overflow":0,"errors":0}
{"route":"/office/projects/1/news/1","width":750,"actualPath":"/office/projects/1/news/1","overflow":0,"errors":0}
{"route":"/office/projects/1/vacancies","width":750,"actualPath":"/office/projects/1/vacancies","overflow":0,"errors":0}
{"route":"/office/projects/1/team","width":750,"actualPath":"/office/projects/1/team","overflow":0,"errors":0}
{"route":"/office/projects/1/work-section","width":750,"actualPath":"/office/projects/1/work-section","overflow":0,"errors":0}
{"route":"/office/projects/1/chat","width":750,"actualPath":"/office/projects/1/chat","overflow":0,"errors":0}
{"route":"/office/program/all","width":750,"actualPath":"/office/program/all","overflow":0,"errors":0}
{"route":"/office/program/1/projects","width":750,"actualPath":"/office/program/1/projects","overflow":0,"errors":0}
{"route":"/office/program/1/members","width":750,"actualPath":"/office/program/1/members","overflow":0,"errors":0}
{"route":"/office/program/1/projects-rating","width":750,"actualPath":"/office/program/1/projects-rating","overflow":0,"errors":0}
{"route":"/office/program/1/analytics","width":750,"actualPath":"/office/program/1/analytics","overflow":0,"errors":0}
{"route":"/office/courses/all","width":750,"actualPath":"/office/courses/all","overflow":0,"errors":0}
{"route":"/office/courses/1/lesson/1","width":750,"actualPath":"/office/courses/1/lesson/1","overflow":0,"errors":0}
{"route":"/office/courses/1/lesson/1/results","width":750,"actualPath":"/office/courses/1/lesson/1/results","overflow":0,"errors":0}
{"route":"/office/members","width":750,"actualPath":"/office/members","overflow":0,"errors":0}
{"route":"/office/profile/edit","width":750,"actualPath":"/office/profile/edit","overflow":0,"errors":0}
{"route":"/office/profile/1/news/1","width":750,"actualPath":"/office/profile/1/news/1","overflow":0,"errors":0}
{"route":"/office/courses/lesson/1","width":750,"actualPath":"/office/courses/all","overflow":0,"errors":0}
{"route":"/office/courses/lesson/1/results","width":750,"actualPath":"/office/courses/all","overflow":0,"errors":0}
{"route":"/office/projects/1","width":750,"actualPath":"/office/projects/1","overflow":0,"errors":0}
{"route":"/office/program/1","width":750,"actualPath":"/office/program/1","overflow":0,"errors":0}
{"route":"/office/profile/1","width":750,"actualPath":"/office/profile/1","overflow":0,"errors":0}
{"route":"/office/vacancies/1","width":750,"actualPath":"/office/vacancies/1","overflow":0,"errors":0}
{"route":"/office/vacancies/my","width":750,"actualPath":"/office/vacancies/my","overflow":0,"errors":0}
{"route":"/office/courses/1","width":750,"actualPath":"/office/courses/1","overflow":0,"errors":0}
{"route":"/office/feed","width":750,"actualPath":"/office/feed","overflow":0,"errors":0}
{"route":"/office/profile/edit?editingStep=main","width":750,"actualPath":"/office/profile/edit","overflow":0,"errors":0}
{"route":"/office/profile/edit?editingStep=education","width":750,"actualPath":"/office/profile/edit","overflow":0,"errors":0}
{"route":"/office/profile/edit?editingStep=experience","width":750,"actualPath":"/office/profile/edit","overflow":0,"errors":0}
{"route":"/office/profile/edit?editingStep=achievements","width":750,"actualPath":"/office/profile/edit","overflow":0,"errors":0}
{"route":"/office/profile/edit?editingStep=skills","width":750,"actualPath":"/office/profile/edit","overflow":0,"errors":0}
{"route":"/office/profile/edit?editingStep=settings","width":750,"actualPath":"/office/profile/edit","overflow":0,"errors":0}
{"route":"/office/projects/1/edit?editingStep=main&programLinkId=1","width":750,"actualPath":"/office/projects/1/edit","overflow":0,"errors":0}
{"route":"/office/projects/1/edit?editingStep=contacts&programLinkId=1","width":750,"actualPath":"/office/projects/1/edit","overflow":0,"errors":0}
{"route":"/office/projects/1/edit?editingStep=achievements&programLinkId=1","width":750,"actualPath":"/office/projects/1/edit","overflow":0,"errors":0}
{"route":"/office/projects/1/edit?editingStep=vacancies&programLinkId=1","width":750,"actualPath":"/office/projects/1/edit","overflow":0,"errors":0}
{"route":"/office/projects/1/edit?editingStep=team&programLinkId=1","width":750,"actualPath":"/office/projects/1/edit","overflow":0,"errors":0}
{"route":"/office/projects/1/edit?editingStep=additional&programLinkId=1","width":750,"actualPath":"/office/projects/1/edit","overflow":0,"errors":0}
{"checks":399,"failures":0}
