{"route":"/auth/login","width":1001,"actualPath":"/auth/login","overflow":0,"errors":0}
{"route":"/auth/register","width":1001,"actualPath":"/auth/register","overflow":0,"errors":0}
{"route":"/auth/verification/email","width":1001,"actualPath":"/auth/verification/email","overflow":0,"errors":0}
{"route":"/auth/reset_password/send_email","width":1001,"actualPath":"/auth/reset_password/send_email","overflow":0,"errors":0}
{"route":"/auth/reset_password?token=responsive-fixture","width":1001,"actualPath":"/auth/reset_password","overflow":0,"errors":0}
{"route":"/auth/reset_password/confirm","width":1001,"actualPath":"/auth/reset_password/confirm","overflow":0,"errors":0}
{"route":"/auth/verification","width":1001,"actualPath":"/office/program/all","overflow":0,"errors":0}
{"route":"/error/404","width":1001,"actualPath":"/error/404","overflow":0,"errors":0}
{"route":"/error/1","width":1001,"actualPath":"/error/1","overflow":0,"errors":0}
{"route":"/office/onboarding/stage-0","width":1001,"actualPath":"/office/onboarding/stage-0","overflow":0,"errors":0}
{"route":"/office/onboarding/stage-1","width":1001,"actualPath":"/office/onboarding/stage-1","overflow":0,"errors":0}
{"route":"/office/onboarding/stage-2","width":1001,"actualPath":"/office/onboarding/stage-2","overflow":0,"errors":0}
{"route":"/office/onboarding/stage-3","width":1001,"actualPath":"/office/onboarding/stage-3","overflow":0,"errors":0}
{"route":"/office/vacancies/all","width":1001,"actualPath":"/office/vacancies/all","overflow":0,"errors":0}
{"route":"/office/projects/dashboard","width":1001,"actualPath":"/office/projects/dashboard","overflow":0,"errors":0}
{"route":"/office/projects/my","width":1001,"actualPath":"/office/projects/my","overflow":0,"errors":0}
{"route":"/office/projects/subscriptions","width":1001,"actualPath":"/office/projects/subscriptions","overflow":0,"errors":0}
{"route":"/office/projects/invites","width":1001,"actualPath":"/office/projects/invites","overflow":0,"errors":0}
{"route":"/office/projects/all","width":1001,"actualPath":"/office/projects/all","overflow":0,"errors":0}
{"route":"/office/projects/1/edit","width":1001,"actualPath":"/office/projects/1/edit","overflow":0,"errors":0}
{"route":"/office/projects/1/news/1","width":1001,"actualPath":"/office/projects/1/news/1","overflow":0,"errors":0}
{"route":"/office/projects/1/vacancies","width":1001,"actualPath":"/office/projects/1/vacancies","overflow":0,"errors":0}
{"route":"/office/projects/1/team","width":1001,"actualPath":"/office/projects/1/team","overflow":0,"errors":0}
{"route":"/office/projects/1/work-section","width":1001,"actualPath":"/office/projects/1/work-section","overflow":0,"errors":0}
{"route":"/office/projects/1/chat","width":1001,"actualPath":"/office/projects/1/chat","overflow":0,"errors":0}
{"route":"/office/program/all","width":1001,"actualPath":"/office/program/all","overflow":0,"errors":0}
{"route":"/office/program/1/projects","width":1001,"actualPath":"/office/program/1/projects","overflow":0,"errors":0}
{"route":"/office/program/1/members","width":1001,"actualPath":"/office/program/1/members","overflow":0,"errors":0}
{"route":"/office/program/1/projects-rating","width":1001,"actualPath":"/office/program/1/projects-rating","overflow":0,"errors":0}
{"route":"/office/program/1/analytics","width":1001,"actualPath":"/office/program/1/analytics","overflow":0,"errors":0}
{"route":"/office/courses/all","width":1001,"actualPath":"/office/courses/all","overflow":0,"errors":0}
{"route":"/office/courses/1/lesson/1","width":1001,"actualPath":"/office/courses/1/lesson/1","overflow":0,"errors":0}
{"route":"/office/courses/1/lesson/1/results","width":1001,"actualPath":"/office/courses/1/lesson/1/results","overflow":0,"errors":0}
{"route":"/office/members","width":1001,"actualPath":"/office/members","overflow":0,"errors":0}
{"route":"/office/profile/edit","width":1001,"actualPath":"/office/profile/edit","overflow":0,"errors":0}
{"route":"/office/profile/1/news/1","width":1001,"actualPath":"/office/profile/1/news/1","overflow":0,"errors":0}
{"route":"/office/courses/lesson/1","width":1001,"actualPath":"/office/courses/all","overflow":0,"errors":0}
{"route":"/office/courses/lesson/1/results","width":1001,"actualPath":"/office/courses/all","overflow":0,"errors":0}
{"route":"/office/projects/1","width":1001,"actualPath":"/office/projects/1","overflow":0,"errors":0}
{"route":"/office/program/1","width":1001,"actualPath":"/office/program/1","overflow":0,"errors":0}
{"route":"/office/profile/1","width":1001,"actualPath":"/office/profile/1","overflow":0,"errors":0}
{"route":"/office/vacancies/1","width":1001,"actualPath":"/office/vacancies/1","overflow":0,"errors":0}
{"route":"/office/vacancies/my","width":1001,"actualPath":"/office/vacancies/my","overflow":0,"errors":0}
{"route":"/office/courses/1","width":1001,"actualPath":"/office/courses/1","overflow":0,"errors":0}
{"route":"/office/feed","width":1001,"actualPath":"/office/feed","overflow":0,"errors":0}
{"route":"/office/profile/edit?editingStep=main","width":1001,"actualPath":"/office/profile/edit","overflow":0,"errors":0}
{"route":"/office/profile/edit?editingStep=education","width":1001,"actualPath":"/office/profile/edit","overflow":0,"errors":0}
{"route":"/office/profile/edit?editingStep=experience","width":1001,"actualPath":"/office/profile/edit","overflow":0,"errors":0}
{"route":"/office/profile/edit?editingStep=achievements","width":1001,"actualPath":"/office/profile/edit","overflow":0,"errors":0}
{"route":"/office/profile/edit?editingStep=skills","width":1001,"actualPath":"/office/profile/edit","overflow":0,"errors":0}
{"route":"/office/profile/edit?editingStep=settings","width":1001,"actualPath":"/office/profile/edit","overflow":0,"errors":0}
{"route":"/office/projects/1/edit?editingStep=main&programLinkId=1","width":1001,"actualPath":"/office/projects/1/edit","overflow":0,"errors":0}
{"route":"/office/projects/1/edit?editingStep=contacts&programLinkId=1","width":1001,"actualPath":"/office/projects/1/edit","overflow":0,"errors":0}
{"route":"/office/projects/1/edit?editingStep=achievements&programLinkId=1","width":1001,"actualPath":"/office/projects/1/edit","overflow":0,"errors":0}
{"route":"/office/projects/1/edit?editingStep=vacancies&programLinkId=1","width":1001,"actualPath":"/office/projects/1/edit","overflow":0,"errors":0}
{"route":"/office/projects/1/edit?editingStep=team&programLinkId=1","width":1001,"actualPath":"/office/projects/1/edit","overflow":0,"errors":0}
{"route":"/office/projects/1/edit?editingStep=additional&programLinkId=1","width":1001,"actualPath":"/office/projects/1/edit","overflow":0,"errors":0}
{"route":"/auth/login","width":1440,"actualPath":"/auth/login","overflow":0,"errors":0}
{"route":"/auth/register","width":1440,"actualPath":"/auth/register","overflow":0,"errors":0}
{"route":"/auth/verification/email","width":1440,"actualPath":"/auth/verification/email","overflow":0,"errors":0}
{"route":"/auth/reset_password/send_email","width":1440,"actualPath":"/auth/reset_password/send_email","overflow":0,"errors":0}
{"route":"/auth/reset_password?token=responsive-fixture","width":1440,"actualPath":"/auth/reset_password","overflow":0,"errors":0}
{"route":"/auth/reset_password/confirm","width":1440,"actualPath":"/auth/reset_password/confirm","overflow":0,"errors":0}
{"route":"/auth/verification","width":1440,"actualPath":"/office/program/all","overflow":0,"errors":0}
{"route":"/error/404","width":1440,"actualPath":"/error/404","overflow":0,"errors":0}
{"route":"/error/1","width":1440,"actualPath":"/error/1","overflow":0,"errors":0}
{"route":"/office/onboarding/stage-0","width":1440,"actualPath":"/office/onboarding/stage-0","overflow":0,"errors":0}
{"route":"/office/onboarding/stage-1","width":1440,"actualPath":"/office/onboarding/stage-1","overflow":0,"errors":0}
{"route":"/office/onboarding/stage-2","width":1440,"actualPath":"/office/onboarding/stage-2","overflow":0,"errors":0}
{"route":"/office/onboarding/stage-3","width":1440,"actualPath":"/office/onboarding/stage-3","overflow":0,"errors":0}
{"route":"/office/vacancies/all","width":1440,"actualPath":"/office/vacancies/all","overflow":0,"errors":0}
{"route":"/office/projects/dashboard","width":1440,"actualPath":"/office/projects/dashboard","overflow":0,"errors":0}
{"route":"/office/projects/my","width":1440,"actualPath":"/office/projects/my","overflow":0,"errors":0}
{"route":"/office/projects/subscriptions","width":1440,"actualPath":"/office/projects/subscriptions","overflow":0,"errors":0}
{"route":"/office/projects/invites","width":1440,"actualPath":"/office/projects/invites","overflow":0,"errors":0}
{"route":"/office/projects/all","width":1440,"actualPath":"/office/projects/all","overflow":0,"errors":0}
{"route":"/office/projects/1/edit","width":1440,"actualPath":"/office/projects/1/edit","overflow":0,"errors":0}
{"route":"/office/projects/1/news/1","width":1440,"actualPath":"/office/projects/1/news/1","overflow":0,"errors":0}
{"route":"/office/projects/1/vacancies","width":1440,"actualPath":"/office/projects/1/vacancies","overflow":0,"errors":0}
{"route":"/office/projects/1/team","width":1440,"actualPath":"/office/projects/1/team","overflow":0,"errors":0}
{"route":"/office/projects/1/work-section","width":1440,"actualPath":"/office/projects/1/work-section","overflow":0,"errors":0}
{"route":"/office/projects/1/chat","width":1440,"actualPath":"/office/projects/1/chat","overflow":0,"errors":0}
{"route":"/office/program/all","width":1440,"actualPath":"/office/program/all","overflow":0,"errors":0}
{"route":"/office/program/1/projects","width":1440,"actualPath":"/office/program/1/projects","overflow":0,"errors":0}
{"route":"/office/program/1/members","width":1440,"actualPath":"/office/program/1/members","overflow":0,"errors":0}
{"route":"/office/program/1/projects-rating","width":1440,"actualPath":"/office/program/1/projects-rating","overflow":0,"errors":0}
{"route":"/office/program/1/analytics","width":1440,"actualPath":"/office/program/1/analytics","overflow":0,"errors":0}
{"route":"/office/courses/all","width":1440,"actualPath":"/office/courses/all","overflow":0,"errors":0}
{"route":"/office/courses/1/lesson/1","width":1440,"actualPath":"/office/courses/1/lesson/1","overflow":0,"errors":0}
{"route":"/office/courses/1/lesson/1/results","width":1440,"actualPath":"/office/courses/1/lesson/1/results","overflow":0,"errors":0}
{"route":"/office/members","width":1440,"actualPath":"/office/members","overflow":0,"errors":0}
{"route":"/office/profile/edit","width":1440,"actualPath":"/office/profile/edit","overflow":0,"errors":0}
{"route":"/office/profile/1/news/1","width":1440,"actualPath":"/office/profile/1/news/1","overflow":0,"errors":0}
{"route":"/office/courses/lesson/1","width":1440,"actualPath":"/office/courses/all","overflow":0,"errors":0}
{"route":"/office/courses/lesson/1/results","width":1440,"actualPath":"/office/courses/all","overflow":0,"errors":0}
{"route":"/office/projects/1","width":1440,"actualPath":"/office/projects/1","overflow":0,"errors":0}
{"route":"/office/program/1","width":1440,"actualPath":"/office/program/1","overflow":0,"errors":0}
{"route":"/office/profile/1","width":1440,"actualPath":"/office/profile/1","overflow":0,"errors":0}
{"route":"/office/vacancies/1","width":1440,"actualPath":"/office/vacancies/1","overflow":0,"errors":0}
{"route":"/office/vacancies/my","width":1440,"actualPath":"/office/vacancies/my","overflow":0,"errors":0}
{"route":"/office/courses/1","width":1440,"actualPath":"/office/courses/1","overflow":0,"errors":0}
{"route":"/office/feed","width":1440,"actualPath":"/office/feed","overflow":0,"errors":0}
{"route":"/office/profile/edit?editingStep=main","width":1440,"actualPath":"/office/profile/edit","overflow":0,"errors":0}
{"route":"/office/profile/edit?editingStep=education","width":1440,"actualPath":"/office/profile/edit","overflow":0,"errors":0}
{"route":"/office/profile/edit?editingStep=experience","width":1440,"actualPath":"/office/profile/edit","overflow":0,"errors":0}
{"route":"/office/profile/edit?editingStep=achievements","width":1440,"actualPath":"/office/profile/edit","overflow":0,"errors":0}
{"route":"/office/profile/edit?editingStep=skills","width":1440,"actualPath":"/office/profile/edit","overflow":0,"errors":0}
{"route":"/office/profile/edit?editingStep=settings","width":1440,"actualPath":"/office/profile/edit","overflow":0,"errors":0}
{"route":"/office/projects/1/edit?editingStep=main&programLinkId=1","width":1440,"actualPath":"/office/projects/1/edit","overflow":0,"errors":0}
{"route":"/office/projects/1/edit?editingStep=contacts&programLinkId=1","width":1440,"actualPath":"/office/projects/1/edit","overflow":0,"errors":0}
{"route":"/office/projects/1/edit?editingStep=achievements&programLinkId=1","width":1440,"actualPath":"/office/projects/1/edit","overflow":0,"errors":0}
{"route":"/office/projects/1/edit?editingStep=vacancies&programLinkId=1","width":1440,"actualPath":"/office/projects/1/edit","overflow":0,"errors":0}
{"route":"/office/projects/1/edit?editingStep=team&programLinkId=1","width":1440,"actualPath":"/office/projects/1/edit","overflow":0,"errors":0}
{"route":"/office/projects/1/edit?editingStep=additional&programLinkId=1","width":1440,"actualPath":"/office/projects/1/edit","overflow":0,"errors":0}
{"route":"/auth/login","width":1920,"actualPath":"/auth/login","overflow":0,"errors":0}
{"route":"/auth/register","width":1920,"actualPath":"/auth/register","overflow":0,"errors":0}
{"route":"/auth/verification/email","width":1920,"actualPath":"/auth/verification/email","overflow":0,"errors":0}
{"route":"/auth/reset_password/send_email","width":1920,"actualPath":"/auth/reset_password/send_email","overflow":0,"errors":0}
{"route":"/auth/reset_password?token=responsive-fixture","width":1920,"actualPath":"/auth/reset_password","overflow":0,"errors":0}
{"route":"/auth/reset_password/confirm","width":1920,"actualPath":"/auth/reset_password/confirm","overflow":0,"errors":0}
{"route":"/auth/verification","width":1920,"actualPath":"/office/program/all","overflow":0,"errors":0}
{"route":"/error/404","width":1920,"actualPath":"/error/404","overflow":0,"errors":0}
{"route":"/error/1","width":1920,"actualPath":"/error/1","overflow":0,"errors":0}
{"route":"/office/onboarding/stage-0","width":1920,"actualPath":"/office/onboarding/stage-0","overflow":0,"errors":0}
{"route":"/office/onboarding/stage-1","width":1920,"actualPath":"/office/onboarding/stage-1","overflow":0,"errors":0}
{"route":"/office/onboarding/stage-2","width":1920,"actualPath":"/office/onboarding/stage-2","overflow":0,"errors":0}
{"route":"/office/onboarding/stage-3","width":1920,"actualPath":"/office/onboarding/stage-3","overflow":0,"errors":0}
{"route":"/office/vacancies/all","width":1920,"actualPath":"/office/vacancies/all","overflow":0,"errors":0}
{"route":"/office/projects/dashboard","width":1920,"actualPath":"/office/projects/dashboard","overflow":0,"errors":0}
{"route":"/office/projects/my","width":1920,"actualPath":"/office/projects/my","overflow":0,"errors":0}
{"route":"/office/projects/subscriptions","width":1920,"actualPath":"/office/projects/subscriptions","overflow":0,"errors":0}
{"route":"/office/projects/invites","width":1920,"actualPath":"/office/projects/invites","overflow":0,"errors":0}
{"route":"/office/projects/all","width":1920,"actualPath":"/office/projects/all","overflow":0,"errors":0}
{"route":"/office/projects/1/edit","width":1920,"actualPath":"/office/projects/1/edit","overflow":0,"errors":0}
{"route":"/office/projects/1/news/1","width":1920,"actualPath":"/office/projects/1/news/1","overflow":0,"errors":0}
{"route":"/office/projects/1/vacancies","width":1920,"actualPath":"/office/projects/1/vacancies","overflow":0,"errors":0}
{"route":"/office/projects/1/team","width":1920,"actualPath":"/office/projects/1/team","overflow":0,"errors":0}
{"route":"/office/projects/1/work-section","width":1920,"actualPath":"/office/projects/1/work-section","overflow":0,"errors":0}
{"route":"/office/projects/1/chat","width":1920,"actualPath":"/office/projects/1/chat","overflow":0,"errors":0}
{"route":"/office/program/all","width":1920,"actualPath":"/office/program/all","overflow":0,"errors":0}
{"route":"/office/program/1/projects","width":1920,"actualPath":"/office/program/1/projects","overflow":0,"errors":0}
{"route":"/office/program/1/members","width":1920,"actualPath":"/office/program/1/members","overflow":0,"errors":0}
{"route":"/office/program/1/projects-rating","width":1920,"actualPath":"/office/program/1/projects-rating","overflow":0,"errors":0}
{"route":"/office/program/1/analytics","width":1920,"actualPath":"/office/program/1/analytics","overflow":0,"errors":0}
{"route":"/office/courses/all","width":1920,"actualPath":"/office/courses/all","overflow":0,"errors":0}
{"route":"/office/courses/1/lesson/1","width":1920,"actualPath":"/office/courses/1/lesson/1","overflow":0,"errors":0}
{"route":"/office/courses/1/lesson/1/results","width":1920,"actualPath":"/office/courses/1/lesson/1/results","overflow":0,"errors":0}
{"route":"/office/members","width":1920,"actualPath":"/office/members","overflow":0,"errors":0}
{"route":"/office/profile/edit","width":1920,"actualPath":"/office/profile/edit","overflow":0,"errors":0}
{"route":"/office/profile/1/news/1","width":1920,"actualPath":"/office/profile/1/news/1","overflow":0,"errors":0}
{"route":"/office/courses/lesson/1","width":1920,"actualPath":"/office/courses/all","overflow":0,"errors":0}
{"route":"/office/courses/lesson/1/results","width":1920,"actualPath":"/office/courses/all","overflow":0,"errors":0}
{"route":"/office/projects/1","width":1920,"actualPath":"/office/projects/1","overflow":0,"errors":0}
{"route":"/office/program/1","width":1920,"actualPath":"/office/program/1","overflow":0,"errors":0}
{"route":"/office/profile/1","width":1920,"actualPath":"/office/profile/1","overflow":0,"errors":0}
{"route":"/office/vacancies/1","width":1920,"actualPath":"/office/vacancies/1","overflow":0,"errors":0}
{"route":"/office/vacancies/my","width":1920,"actualPath":"/office/vacancies/my","overflow":0,"errors":0}
{"route":"/office/courses/1","width":1920,"actualPath":"/office/courses/1","overflow":0,"errors":0}
{"route":"/office/feed","width":1920,"actualPath":"/office/feed","overflow":0,"errors":0}
{"route":"/office/profile/edit?editingStep=main","width":1920,"actualPath":"/office/profile/edit","overflow":0,"errors":0}
{"route":"/office/profile/edit?editingStep=education","width":1920,"actualPath":"/office/profile/edit","overflow":0,"errors":0}
{"route":"/office/profile/edit?editingStep=experience","width":1920,"actualPath":"/office/profile/edit","overflow":0,"errors":0}
{"route":"/office/profile/edit?editingStep=achievements","width":1920,"actualPath":"/office/profile/edit","overflow":0,"errors":0}
{"route":"/office/profile/edit?editingStep=skills","width":1920,"actualPath":"/office/profile/edit","overflow":0,"errors":0}
{"route":"/office/profile/edit?editingStep=settings","width":1920,"actualPath":"/office/profile/edit","overflow":0,"errors":0}
{"route":"/office/projects/1/edit?editingStep=main&programLinkId=1","width":1920,"actualPath":"/office/projects/1/edit","overflow":0,"errors":0}
{"route":"/office/projects/1/edit?editingStep=contacts&programLinkId=1","width":1920,"actualPath":"/office/projects/1/edit","overflow":0,"errors":0}
{"route":"/office/projects/1/edit?editingStep=achievements&programLinkId=1","width":1920,"actualPath":"/office/projects/1/edit","overflow":0,"errors":0}
{"route":"/office/projects/1/edit?editingStep=vacancies&programLinkId=1","width":1920,"actualPath":"/office/projects/1/edit","overflow":0,"errors":0}
{"route":"/office/projects/1/edit?editingStep=team&programLinkId=1","width":1920,"actualPath":"/office/projects/1/edit","overflow":0,"errors":0}
{"route":"/office/projects/1/edit?editingStep=additional&programLinkId=1","width":1920,"actualPath":"/office/projects/1/edit","overflow":0,"errors":0}
{"checks":171,"failures":0}
