{"route":"/office/projects/dashboard","width":320,"actualPath":"/office/projects/dashboard","overflow":0,"errors":0}
{"route":"/office/projects/my","width":320,"actualPath":"/office/projects/my","overflow":0,"errors":0}
{"route":"/office/projects/subscriptions","width":320,"actualPath":"/office/projects/subscriptions","overflow":0,"errors":0}
{"route":"/office/projects/invites","width":320,"actualPath":"/office/projects/invites","overflow":0,"errors":0}
{"route":"/office/projects/all","width":320,"actualPath":"/office/projects/all","overflow":0,"errors":0}
{"route":"/office/projects/dashboard","width":360,"actualPath":"/office/projects/dashboard","overflow":0,"errors":0}
{"route":"/office/projects/my","width":360,"actualPath":"/office/projects/my","overflow":0,"errors":0}
{"route":"/office/projects/subscriptions","width":360,"actualPath":"/office/projects/subscriptions","overflow":0,"errors":0}
{"route":"/office/projects/invites","width":360,"actualPath":"/office/projects/invites","overflow":0,"errors":0}
{"route":"/office/projects/all","width":360,"actualPath":"/office/projects/all","overflow":0,"errors":0}
{"route":"/office/projects/dashboard","width":375,"actualPath":"/office/projects/dashboard","overflow":0,"errors":0}
{"route":"/office/projects/my","width":375,"actualPath":"/office/projects/my","overflow":0,"errors":0}
{"route":"/office/projects/subscriptions","width":375,"actualPath":"/office/projects/subscriptions","overflow":0,"errors":0}
{"route":"/office/projects/invites","width":375,"actualPath":"/office/projects/invites","overflow":0,"errors":0}
{"route":"/office/projects/all","width":375,"actualPath":"/office/projects/all","overflow":0,"errors":0}
{"route":"/office/projects/dashboard","width":390,"actualPath":"/office/projects/dashboard","overflow":0,"errors":0}
{"route":"/office/projects/my","width":390,"actualPath":"/office/projects/my","overflow":0,"errors":0}
{"route":"/office/projects/subscriptions","width":390,"actualPath":"/office/projects/subscriptions","overflow":0,"errors":0}
{"route":"/office/projects/invites","width":390,"actualPath":"/office/projects/invites","overflow":0,"errors":0}
{"route":"/office/projects/all","width":390,"actualPath":"/office/projects/all","overflow":0,"errors":0}
{"route":"/office/projects/dashboard","width":430,"actualPath":"/office/projects/dashboard","overflow":0,"errors":0}
{"route":"/office/projects/my","width":430,"actualPath":"/office/projects/my","overflow":0,"errors":0}
{"route":"/office/projects/subscriptions","width":430,"actualPath":"/office/projects/subscriptions","overflow":0,"errors":0}
{"route":"/office/projects/invites","width":430,"actualPath":"/office/projects/invites","overflow":0,"errors":0}
{"route":"/office/projects/all","width":430,"actualPath":"/office/projects/all","overflow":0,"errors":0}
{"route":"/office/projects/dashboard","width":749,"actualPath":"/office/projects/dashboard","overflow":0,"errors":0}
{"route":"/office/projects/my","width":749,"actualPath":"/office/projects/my","overflow":0,"errors":0}
{"route":"/office/projects/subscriptions","width":749,"actualPath":"/office/projects/subscriptions","overflow":0,"errors":0}
{"route":"/office/projects/invites","width":749,"actualPath":"/office/projects/invites","overflow":0,"errors":0}
{"route":"/office/projects/all","width":749,"actualPath":"/office/projects/all","overflow":0,"errors":0}
{"route":"/office/projects/dashboard","width":750,"actualPath":"/office/projects/dashboard","overflow":0,"errors":0}
{"route":"/office/projects/my","width":750,"actualPath":"/office/projects/my","overflow":0,"errors":0}
{"route":"/office/projects/subscriptions","width":750,"actualPath":"/office/projects/subscriptions","overflow":0,"errors":0}
{"route":"/office/projects/invites","width":750,"actualPath":"/office/projects/invites","overflow":0,"errors":0}
{"route":"/office/projects/all","width":750,"actualPath":"/office/projects/all","overflow":0,"errors":0}
{"route":"/office/projects/dashboard","width":768,"actualPath":"/office/projects/dashboard","overflow":0,"errors":0}
{"route":"/office/projects/my","width":768,"actualPath":"/office/projects/my","overflow":0,"errors":0}
{"route":"/office/projects/subscriptions","width":768,"actualPath":"/office/projects/subscriptions","overflow":0,"errors":0}
{"route":"/office/projects/invites","width":768,"actualPath":"/office/projects/invites","overflow":0,"errors":0}
{"route":"/office/projects/all","width":768,"actualPath":"/office/projects/all","overflow":0,"errors":0}
{"route":"/office/projects/dashboard","width":820,"actualPath":"/office/projects/dashboard","overflow":0,"errors":0}
{"route":"/office/projects/my","width":820,"actualPath":"/office/projects/my","overflow":0,"errors":0}
{"route":"/office/projects/subscriptions","width":820,"actualPath":"/office/projects/subscriptions","overflow":0,"errors":0}
{"route":"/office/projects/invites","width":820,"actualPath":"/office/projects/invites","overflow":0,"errors":0}
{"route":"/office/projects/all","width":820,"actualPath":"/office/projects/all","overflow":0,"errors":0}
{"route":"/office/projects/dashboard","width":999,"actualPath":"/office/projects/dashboard","overflow":0,"errors":0}
{"route":"/office/projects/my","width":999,"actualPath":"/office/projects/my","overflow":0,"errors":0}
{"route":"/office/projects/subscriptions","width":999,"actualPath":"/office/projects/subscriptions","overflow":0,"errors":0}
{"route":"/office/projects/invites","width":999,"actualPath":"/office/projects/invites","overflow":0,"errors":0}
{"route":"/office/projects/all","width":999,"actualPath":"/office/projects/all","overflow":0,"errors":0}
{"route":"/office/projects/dashboard","width":1000,"actualPath":"/office/projects/dashboard","overflow":0,"errors":0}
{"route":"/office/projects/my","width":1000,"actualPath":"/office/projects/my","overflow":0,"errors":0}
{"route":"/office/projects/subscriptions","width":1000,"actualPath":"/office/projects/subscriptions","overflow":0,"errors":0}
{"route":"/office/projects/invites","width":1000,"actualPath":"/office/projects/invites","overflow":0,"errors":0}
{"route":"/office/projects/all","width":1000,"actualPath":"/office/projects/all","overflow":0,"errors":0}
{"route":"/office/projects/dashboard","width":1001,"actualPath":"/office/projects/dashboard","overflow":0,"errors":0}
{"route":"/office/projects/my","width":1001,"actualPath":"/office/projects/my","overflow":0,"errors":0}
{"route":"/office/projects/subscriptions","width":1001,"actualPath":"/office/projects/subscriptions","overflow":0,"errors":0}
{"route":"/office/projects/invites","width":1001,"actualPath":"/office/projects/invites","overflow":0,"errors":0}
{"route":"/office/projects/all","width":1001,"actualPath":"/office/projects/all","overflow":0,"errors":0}
{"route":"/office/projects/dashboard","width":1024,"actualPath":"/office/projects/dashboard","overflow":0,"errors":0}
{"route":"/office/projects/my","width":1024,"actualPath":"/office/projects/my","overflow":0,"errors":0}
{"route":"/office/projects/subscriptions","width":1024,"actualPath":"/office/projects/subscriptions","overflow":0,"errors":0}
{"route":"/office/projects/invites","width":1024,"actualPath":"/office/projects/invites","overflow":0,"errors":0}
{"route":"/office/projects/all","width":1024,"actualPath":"/office/projects/all","overflow":0,"errors":0}
{"route":"/office/projects/dashboard","width":1280,"actualPath":"/office/projects/dashboard","overflow":0,"errors":0}
{"route":"/office/projects/my","width":1280,"actualPath":"/office/projects/my","overflow":0,"errors":0}
{"route":"/office/projects/subscriptions","width":1280,"actualPath":"/office/projects/subscriptions","overflow":0,"errors":0}
{"route":"/office/projects/invites","width":1280,"actualPath":"/office/projects/invites","overflow":0,"errors":0}
{"route":"/office/projects/all","width":1280,"actualPath":"/office/projects/all","overflow":0,"errors":0}
{"route":"/office/projects/dashboard","width":1440,"actualPath":"/office/projects/dashboard","overflow":0,"errors":0}
{"route":"/office/projects/my","width":1440,"actualPath":"/office/projects/my","overflow":0,"errors":0}
{"route":"/office/projects/subscriptions","width":1440,"actualPath":"/office/projects/subscriptions","overflow":0,"errors":0}
{"route":"/office/projects/invites","width":1440,"actualPath":"/office/projects/invites","overflow":0,"errors":0}
{"route":"/office/projects/all","width":1440,"actualPath":"/office/projects/all","overflow":0,"errors":0}
{"route":"/office/projects/dashboard","width":1920,"actualPath":"/office/projects/dashboard","overflow":0,"errors":0}
{"route":"/office/projects/my","width":1920,"actualPath":"/office/projects/my","overflow":0,"errors":0}
{"route":"/office/projects/subscriptions","width":1920,"actualPath":"/office/projects/subscriptions","overflow":0,"errors":0}
{"route":"/office/projects/invites","width":1920,"actualPath":"/office/projects/invites","overflow":0,"errors":0}
{"route":"/office/projects/all","width":1920,"actualPath":"/office/projects/all","overflow":0,"errors":0}
{"checks":80,"failures":0}
