{"route":"/auth/login","width":768,"actualPath":"/auth/login","overflow":0,"errors":0}
{"route":"/auth/register","width":768,"actualPath":"/auth/register","overflow":0,"errors":0}
{"route":"/auth/verification/email","width":768,"actualPath":"/auth/verification/email","overflow":0,"errors":0}
{"route":"/auth/reset_password/send_email","width":768,"actualPath":"/auth/reset_password/send_email","overflow":0,"errors":0}
{"route":"/auth/reset_password?token=responsive-fixture","width":768,"actualPath":"/auth/reset_password","overflow":0,"errors":0}
{"route":"/auth/reset_password/confirm","width":768,"actualPath":"/auth/reset_password/confirm","overflow":0,"errors":0}
{"route":"/auth/verification","width":768,"actualPath":"/office/program/all","overflow":0,"errors":0}
{"route":"/error/404","width":768,"actualPath":"/error/404","overflow":0,"errors":0}
{"route":"/error/1","width":768,"actualPath":"/error/1","overflow":0,"errors":0}
{"route":"/office/onboarding/stage-0","width":768,"actualPath":"/office/onboarding/stage-0","overflow":0,"errors":0}
{"route":"/office/onboarding/stage-1","width":768,"actualPath":"/office/onboarding/stage-1","overflow":0,"errors":0}
{"route":"/office/onboarding/stage-2","width":768,"actualPath":"/office/onboarding/stage-2","overflow":0,"errors":0}
{"route":"/office/onboarding/stage-3","width":768,"actualPath":"/office/onboarding/stage-3","overflow":0,"errors":0}
{"route":"/office/vacancies/all","width":768,"actualPath":"/office/vacancies/all","overflow":0,"errors":0}
{"route":"/office/projects/dashboard","width":768,"actualPath":"/office/projects/dashboard","overflow":0,"errors":0}
{"route":"/office/projects/my","width":768,"actualPath":"/office/projects/my","overflow":0,"errors":0}
{"route":"/office/projects/subscriptions","width":768,"actualPath":"/office/projects/subscriptions","overflow":0,"errors":0}
{"route":"/office/projects/invites","width":768,"actualPath":"/office/projects/invites","overflow":0,"errors":0}
{"route":"/office/projects/all","width":768,"actualPath":"/office/projects/all","overflow":0,"errors":0}
{"route":"/office/projects/1/edit","width":768,"actualPath":"/office/projects/1/edit","overflow":0,"errors":0}
{"route":"/office/projects/1/news/1","width":768,"actualPath":"/office/projects/1/news/1","overflow":0,"errors":0}
{"route":"/office/projects/1/vacancies","width":768,"actualPath":"/office/projects/1/vacancies","overflow":0,"errors":0}
{"route":"/office/projects/1/team","width":768,"actualPath":"/office/projects/1/team","overflow":0,"errors":0}
{"route":"/office/projects/1/work-section","width":768,"actualPath":"/office/projects/1/work-section","overflow":0,"errors":0}
{"route":"/office/projects/1/chat","width":768,"actualPath":"/office/projects/1/chat","overflow":0,"errors":0}
{"route":"/office/program/all","width":768,"actualPath":"/office/program/all","overflow":0,"errors":0}
{"route":"/office/program/1/projects","width":768,"actualPath":"/office/program/1/projects","overflow":0,"errors":0}
{"route":"/office/program/1/members","width":768,"actualPath":"/office/program/1/members","overflow":0,"errors":0}
{"route":"/office/program/1/projects-rating","width":768,"actualPath":"/office/program/1/projects-rating","overflow":0,"errors":0}
{"route":"/office/program/1/analytics","width":768,"actualPath":"/office/program/1/analytics","overflow":0,"errors":0}
{"route":"/office/courses/all","width":768,"actualPath":"/office/courses/all","overflow":0,"errors":0}
{"route":"/office/courses/1/lesson/1","width":768,"actualPath":"/office/courses/1/lesson/1","overflow":0,"errors":0}
{"route":"/office/courses/1/lesson/1/results","width":768,"actualPath":"/office/courses/1/lesson/1/results","overflow":0,"errors":0}
{"route":"/office/members","width":768,"actualPath":"/office/members","overflow":0,"errors":0}
{"route":"/office/profile/edit","width":768,"actualPath":"/office/profile/edit","overflow":0,"errors":0}
{"route":"/office/profile/1/news/1","width":768,"actualPath":"/office/profile/1/news/1","overflow":0,"errors":0}
{"route":"/office/courses/lesson/1","width":768,"actualPath":"/office/courses/all","overflow":0,"errors":0}
{"route":"/office/courses/lesson/1/results","width":768,"actualPath":"/office/courses/all","overflow":0,"errors":0}
{"route":"/office/projects/1","width":768,"actualPath":"/office/projects/1","overflow":0,"errors":0}
{"route":"/office/program/1","width":768,"actualPath":"/office/program/1","overflow":0,"errors":0}
{"route":"/office/profile/1","width":768,"actualPath":"/office/profile/1","overflow":0,"errors":0}
{"route":"/office/vacancies/1","width":768,"actualPath":"/office/vacancies/1","overflow":0,"errors":0}
{"route":"/office/vacancies/my","width":768,"actualPath":"/office/vacancies/my","overflow":0,"errors":0}
{"route":"/office/courses/1","width":768,"actualPath":"/office/courses/1","overflow":0,"errors":0}
{"route":"/office/feed","width":768,"actualPath":"/office/feed","overflow":0,"errors":0}
{"route":"/office/profile/edit?editingStep=main","width":768,"actualPath":"/office/profile/edit","overflow":0,"errors":0}
{"route":"/office/profile/edit?editingStep=education","width":768,"actualPath":"/office/profile/edit","overflow":0,"errors":0}
{"route":"/office/profile/edit?editingStep=experience","width":768,"actualPath":"/office/profile/edit","overflow":0,"errors":0}
{"route":"/office/profile/edit?editingStep=achievements","width":768,"actualPath":"/office/profile/edit","overflow":0,"errors":0}
{"route":"/office/profile/edit?editingStep=skills","width":768,"actualPath":"/office/profile/edit","overflow":0,"errors":0}
{"route":"/office/profile/edit?editingStep=settings","width":768,"actualPath":"/office/profile/edit","overflow":0,"errors":0}
{"route":"/office/projects/1/edit?editingStep=main&programLinkId=1","width":768,"actualPath":"/office/projects/1/edit","overflow":0,"errors":0}
{"route":"/office/projects/1/edit?editingStep=contacts&programLinkId=1","width":768,"actualPath":"/office/projects/1/edit","overflow":0,"errors":0}
{"route":"/office/projects/1/edit?editingStep=achievements&programLinkId=1","width":768,"actualPath":"/office/projects/1/edit","overflow":0,"errors":0}
{"route":"/office/projects/1/edit?editingStep=vacancies&programLinkId=1","width":768,"actualPath":"/office/projects/1/edit","overflow":0,"errors":0}
{"route":"/office/projects/1/edit?editingStep=team&programLinkId=1","width":768,"actualPath":"/office/projects/1/edit","overflow":0,"errors":0}
{"route":"/office/projects/1/edit?editingStep=additional&programLinkId=1","width":768,"actualPath":"/office/projects/1/edit","overflow":0,"errors":0}
{"route":"/auth/login","width":820,"actualPath":"/auth/login","overflow":0,"errors":0}
{"route":"/auth/register","width":820,"actualPath":"/auth/register","overflow":0,"errors":0}
{"route":"/auth/verification/email","width":820,"actualPath":"/auth/verification/email","overflow":0,"errors":0}
{"route":"/auth/reset_password/send_email","width":820,"actualPath":"/auth/reset_password/send_email","overflow":0,"errors":0}
{"route":"/auth/reset_password?token=responsive-fixture","width":820,"actualPath":"/auth/reset_password","overflow":0,"errors":0}
{"route":"/auth/reset_password/confirm","width":820,"actualPath":"/auth/reset_password/confirm","overflow":0,"errors":0}
{"route":"/auth/verification","width":820,"actualPath":"/office/program/all","overflow":0,"errors":0}
{"route":"/error/404","width":820,"actualPath":"/error/404","overflow":0,"errors":0}
{"route":"/error/1","width":820,"actualPath":"/error/1","overflow":0,"errors":0}
{"route":"/office/onboarding/stage-0","width":820,"actualPath":"/office/onboarding/stage-0","overflow":0,"errors":0}
{"route":"/office/onboarding/stage-1","width":820,"actualPath":"/office/onboarding/stage-1","overflow":0,"errors":0}
{"route":"/office/onboarding/stage-2","width":820,"actualPath":"/office/onboarding/stage-2","overflow":0,"errors":0}
{"route":"/office/onboarding/stage-3","width":820,"actualPath":"/office/onboarding/stage-3","overflow":0,"errors":0}
{"route":"/office/vacancies/all","width":820,"actualPath":"/office/vacancies/all","overflow":0,"errors":0}
{"route":"/office/projects/dashboard","width":820,"actualPath":"/office/projects/dashboard","overflow":0,"errors":0}
{"route":"/office/projects/my","width":820,"actualPath":"/office/projects/my","overflow":0,"errors":0}
{"route":"/office/projects/subscriptions","width":820,"actualPath":"/office/projects/subscriptions","overflow":0,"errors":0}
{"route":"/office/projects/invites","width":820,"actualPath":"/office/projects/invites","overflow":0,"errors":0}
{"route":"/office/projects/all","width":820,"actualPath":"/office/projects/all","overflow":0,"errors":0}
{"route":"/office/projects/1/edit","width":820,"actualPath":"/office/projects/1/edit","overflow":0,"errors":0}
{"route":"/office/projects/1/news/1","width":820,"actualPath":"/office/projects/1/news/1","overflow":0,"errors":0}
{"route":"/office/projects/1/vacancies","width":820,"actualPath":"/office/projects/1/vacancies","overflow":0,"errors":0}
{"route":"/office/projects/1/team","width":820,"actualPath":"/office/projects/1/team","overflow":0,"errors":0}
{"route":"/office/projects/1/work-section","width":820,"actualPath":"/office/projects/1/work-section","overflow":0,"errors":0}
{"route":"/office/projects/1/chat","width":820,"actualPath":"/office/projects/1/chat","overflow":0,"errors":0}
{"route":"/office/program/all","width":820,"actualPath":"/office/program/all","overflow":0,"errors":0}
{"route":"/office/program/1/projects","width":820,"actualPath":"/office/program/1/projects","overflow":0,"errors":0}
{"route":"/office/program/1/members","width":820,"actualPath":"/office/program/1/members","overflow":0,"errors":0}
{"route":"/office/program/1/projects-rating","width":820,"actualPath":"/office/program/1/projects-rating","overflow":0,"errors":0}
{"route":"/office/program/1/analytics","width":820,"actualPath":"/office/program/1/analytics","overflow":0,"errors":0}
{"route":"/office/courses/all","width":820,"actualPath":"/office/courses/all","overflow":0,"errors":0}
{"route":"/office/courses/1/lesson/1","width":820,"actualPath":"/office/courses/1/lesson/1","overflow":0,"errors":0}
{"route":"/office/courses/1/lesson/1/results","width":820,"actualPath":"/office/courses/1/lesson/1/results","overflow":0,"errors":0}
{"route":"/office/members","width":820,"actualPath":"/office/members","overflow":0,"errors":0}
{"route":"/office/profile/edit","width":820,"actualPath":"/office/profile/edit","overflow":0,"errors":0}
{"route":"/office/profile/1/news/1","width":820,"actualPath":"/office/profile/1/news/1","overflow":0,"errors":0}
{"route":"/office/courses/lesson/1","width":820,"actualPath":"/office/courses/all","overflow":0,"errors":0}
{"route":"/office/courses/lesson/1/results","width":820,"actualPath":"/office/courses/all","overflow":0,"errors":0}
{"route":"/office/projects/1","width":820,"actualPath":"/office/projects/1","overflow":0,"errors":0}
{"route":"/office/program/1","width":820,"actualPath":"/office/program/1","overflow":0,"errors":0}
{"route":"/office/profile/1","width":820,"actualPath":"/office/profile/1","overflow":0,"errors":0}
{"route":"/office/vacancies/1","width":820,"actualPath":"/office/vacancies/1","overflow":0,"errors":0}
{"route":"/office/vacancies/my","width":820,"actualPath":"/office/vacancies/my","overflow":0,"errors":0}
{"route":"/office/courses/1","width":820,"actualPath":"/office/courses/1","overflow":0,"errors":0}
{"route":"/office/feed","width":820,"actualPath":"/office/feed","overflow":0,"errors":0}
{"route":"/office/profile/edit?editingStep=main","width":820,"actualPath":"/office/profile/edit","overflow":0,"errors":0}
{"route":"/office/profile/edit?editingStep=education","width":820,"actualPath":"/office/profile/edit","overflow":0,"errors":0}
{"route":"/office/profile/edit?editingStep=experience","width":820,"actualPath":"/office/profile/edit","overflow":0,"errors":0}
{"route":"/office/profile/edit?editingStep=achievements","width":820,"actualPath":"/office/profile/edit","overflow":0,"errors":0}
{"route":"/office/profile/edit?editingStep=skills","width":820,"actualPath":"/office/profile/edit","overflow":0,"errors":0}
{"route":"/office/profile/edit?editingStep=settings","width":820,"actualPath":"/office/profile/edit","overflow":0,"errors":0}
{"route":"/office/projects/1/edit?editingStep=main&programLinkId=1","width":820,"actualPath":"/office/projects/1/edit","overflow":0,"errors":0}
{"route":"/office/projects/1/edit?editingStep=contacts&programLinkId=1","width":820,"actualPath":"/office/projects/1/edit","overflow":0,"errors":0}
{"route":"/office/projects/1/edit?editingStep=achievements&programLinkId=1","width":820,"actualPath":"/office/projects/1/edit","overflow":0,"errors":0}
{"route":"/office/projects/1/edit?editingStep=vacancies&programLinkId=1","width":820,"actualPath":"/office/projects/1/edit","overflow":0,"errors":0}
{"route":"/office/projects/1/edit?editingStep=team&programLinkId=1","width":820,"actualPath":"/office/projects/1/edit","overflow":0,"errors":0}
{"route":"/office/projects/1/edit?editingStep=additional&programLinkId=1","width":820,"actualPath":"/office/projects/1/edit","overflow":0,"errors":0}
{"route":"/auth/login","width":999,"actualPath":"/auth/login","overflow":0,"errors":0}
{"route":"/auth/register","width":999,"actualPath":"/auth/register","overflow":0,"errors":0}
{"route":"/auth/verification/email","width":999,"actualPath":"/auth/verification/email","overflow":0,"errors":0}
{"route":"/auth/reset_password/send_email","width":999,"actualPath":"/auth/reset_password/send_email","overflow":0,"errors":0}
{"route":"/auth/reset_password?token=responsive-fixture","width":999,"actualPath":"/auth/reset_password","overflow":0,"errors":0}
{"route":"/auth/reset_password/confirm","width":999,"actualPath":"/auth/reset_password/confirm","overflow":0,"errors":0}
{"route":"/auth/verification","width":999,"actualPath":"/office/program/all","overflow":0,"errors":0}
{"route":"/error/404","width":999,"actualPath":"/error/404","overflow":0,"errors":0}
{"route":"/error/1","width":999,"actualPath":"/error/1","overflow":0,"errors":0}
{"route":"/office/onboarding/stage-0","width":999,"actualPath":"/office/onboarding/stage-0","overflow":0,"errors":0}
{"route":"/office/onboarding/stage-1","width":999,"actualPath":"/office/onboarding/stage-1","overflow":0,"errors":0}
{"route":"/office/onboarding/stage-2","width":999,"actualPath":"/office/onboarding/stage-2","overflow":0,"errors":0}
{"route":"/office/onboarding/stage-3","width":999,"actualPath":"/office/onboarding/stage-3","overflow":0,"errors":0}
{"route":"/office/vacancies/all","width":999,"actualPath":"/office/vacancies/all","overflow":0,"errors":0}
{"route":"/office/projects/dashboard","width":999,"actualPath":"/office/projects/dashboard","overflow":0,"errors":0}
{"route":"/office/projects/my","width":999,"actualPath":"/office/projects/my","overflow":0,"errors":0}
{"route":"/office/projects/subscriptions","width":999,"actualPath":"/office/projects/subscriptions","overflow":0,"errors":0}
{"route":"/office/projects/invites","width":999,"actualPath":"/office/projects/invites","overflow":0,"errors":0}
{"route":"/office/projects/all","width":999,"actualPath":"/office/projects/all","overflow":0,"errors":0}
{"route":"/office/projects/1/edit","width":999,"actualPath":"/office/projects/1/edit","overflow":0,"errors":0}
{"route":"/office/projects/1/news/1","width":999,"actualPath":"/office/projects/1/news/1","overflow":0,"errors":0}
{"route":"/office/projects/1/vacancies","width":999,"actualPath":"/office/projects/1/vacancies","overflow":0,"errors":0}
{"route":"/office/projects/1/team","width":999,"actualPath":"/office/projects/1/team","overflow":0,"errors":0}
{"route":"/office/projects/1/work-section","width":999,"actualPath":"/office/projects/1/work-section","overflow":0,"errors":0}
{"route":"/office/projects/1/chat","width":999,"actualPath":"/office/projects/1/chat","overflow":0,"errors":0}
{"route":"/office/program/all","width":999,"actualPath":"/office/program/all","overflow":0,"errors":0}
{"route":"/office/program/1/projects","width":999,"actualPath":"/office/program/1/projects","overflow":0,"errors":0}
{"route":"/office/program/1/members","width":999,"actualPath":"/office/program/1/members","overflow":0,"errors":0}
{"route":"/office/program/1/projects-rating","width":999,"actualPath":"/office/program/1/projects-rating","overflow":0,"errors":0}
{"route":"/office/program/1/analytics","width":999,"actualPath":"/office/program/1/analytics","overflow":0,"errors":0}
{"route":"/office/courses/all","width":999,"actualPath":"/office/courses/all","overflow":0,"errors":0}
{"route":"/office/courses/1/lesson/1","width":999,"actualPath":"/office/courses/1/lesson/1","overflow":0,"errors":0}
{"route":"/office/courses/1/lesson/1/results","width":999,"actualPath":"/office/courses/1/lesson/1/results","overflow":0,"errors":0}
{"route":"/office/members","width":999,"actualPath":"/office/members","overflow":0,"errors":0}
{"route":"/office/profile/edit","width":999,"actualPath":"/office/profile/edit","overflow":0,"errors":0}
{"route":"/office/profile/1/news/1","width":999,"actualPath":"/office/profile/1/news/1","overflow":0,"errors":0}
{"route":"/office/courses/lesson/1","width":999,"actualPath":"/office/courses/all","overflow":0,"errors":0}
{"route":"/office/courses/lesson/1/results","width":999,"actualPath":"/office/courses/all","overflow":0,"errors":0}
{"route":"/office/projects/1","width":999,"actualPath":"/office/projects/1","overflow":0,"errors":0}
{"route":"/office/program/1","width":999,"actualPath":"/office/program/1","overflow":0,"errors":0}
{"route":"/office/profile/1","width":999,"actualPath":"/office/profile/1","overflow":0,"errors":0}
{"route":"/office/vacancies/1","width":999,"actualPath":"/office/vacancies/1","overflow":0,"errors":0}
{"route":"/office/vacancies/my","width":999,"actualPath":"/office/vacancies/my","overflow":0,"errors":0}
{"route":"/office/courses/1","width":999,"actualPath":"/office/courses/1","overflow":0,"errors":0}
{"route":"/office/feed","width":999,"actualPath":"/office/feed","overflow":0,"errors":0}
{"route":"/office/profile/edit?editingStep=main","width":999,"actualPath":"/office/profile/edit","overflow":0,"errors":0}
{"route":"/office/profile/edit?editingStep=education","width":999,"actualPath":"/office/profile/edit","overflow":0,"errors":0}
{"route":"/office/profile/edit?editingStep=experience","width":999,"actualPath":"/office/profile/edit","overflow":0,"errors":0}
{"route":"/office/profile/edit?editingStep=achievements","width":999,"actualPath":"/office/profile/edit","overflow":0,"errors":0}
{"route":"/office/profile/edit?editingStep=skills","width":999,"actualPath":"/office/profile/edit","overflow":0,"errors":0}
{"route":"/office/profile/edit?editingStep=settings","width":999,"actualPath":"/office/profile/edit","overflow":0,"errors":0}
{"route":"/office/projects/1/edit?editingStep=main&programLinkId=1","width":999,"actualPath":"/office/projects/1/edit","overflow":0,"errors":0}
{"route":"/office/projects/1/edit?editingStep=contacts&programLinkId=1","width":999,"actualPath":"/office/projects/1/edit","overflow":0,"errors":0}
{"route":"/office/projects/1/edit?editingStep=achievements&programLinkId=1","width":999,"actualPath":"/office/projects/1/edit","overflow":0,"errors":0}
{"route":"/office/projects/1/edit?editingStep=vacancies&programLinkId=1","width":999,"actualPath":"/office/projects/1/edit","overflow":0,"errors":0}
{"route":"/office/projects/1/edit?editingStep=team&programLinkId=1","width":999,"actualPath":"/office/projects/1/edit","overflow":0,"errors":0}
{"route":"/office/projects/1/edit?editingStep=additional&programLinkId=1","width":999,"actualPath":"/office/projects/1/edit","overflow":0,"errors":0}
{"route":"/auth/login","width":1000,"actualPath":"/auth/login","overflow":0,"errors":0}
{"route":"/auth/register","width":1000,"actualPath":"/auth/register","overflow":0,"errors":0}
{"route":"/auth/verification/email","width":1000,"actualPath":"/auth/verification/email","overflow":0,"errors":0}
{"route":"/auth/reset_password/send_email","width":1000,"actualPath":"/auth/reset_password/send_email","overflow":0,"errors":0}
{"route":"/auth/reset_password?token=responsive-fixture","width":1000,"actualPath":"/auth/reset_password","overflow":0,"errors":0}
{"route":"/auth/reset_password/confirm","width":1000,"actualPath":"/auth/reset_password/confirm","overflow":0,"errors":0}
{"route":"/auth/verification","width":1000,"actualPath":"/office/program/all","overflow":0,"errors":0}
{"route":"/error/404","width":1000,"actualPath":"/error/404","overflow":0,"errors":0}
{"route":"/error/1","width":1000,"actualPath":"/error/1","overflow":0,"errors":0}
{"route":"/office/onboarding/stage-0","width":1000,"actualPath":"/office/onboarding/stage-0","overflow":0,"errors":0}
{"route":"/office/onboarding/stage-1","width":1000,"actualPath":"/office/onboarding/stage-1","overflow":0,"errors":0}
{"route":"/office/onboarding/stage-2","width":1000,"actualPath":"/office/onboarding/stage-2","overflow":0,"errors":0}
{"route":"/office/onboarding/stage-3","width":1000,"actualPath":"/office/onboarding/stage-3","overflow":0,"errors":0}
{"route":"/office/vacancies/all","width":1000,"actualPath":"/office/vacancies/all","overflow":0,"errors":0}
{"route":"/office/projects/dashboard","width":1000,"actualPath":"/office/projects/dashboard","overflow":0,"errors":0}
{"route":"/office/projects/my","width":1000,"actualPath":"/office/projects/my","overflow":0,"errors":0}
{"route":"/office/projects/subscriptions","width":1000,"actualPath":"/office/projects/subscriptions","overflow":0,"errors":0}
{"route":"/office/projects/invites","width":1000,"actualPath":"/office/projects/invites","overflow":0,"errors":0}
{"route":"/office/projects/all","width":1000,"actualPath":"/office/projects/all","overflow":0,"errors":0}
{"route":"/office/projects/1/edit","width":1000,"actualPath":"/office/projects/1/edit","overflow":0,"errors":0}
{"route":"/office/projects/1/news/1","width":1000,"actualPath":"/office/projects/1/news/1","overflow":0,"errors":0}
{"route":"/office/projects/1/vacancies","width":1000,"actualPath":"/office/projects/1/vacancies","overflow":0,"errors":0}
{"route":"/office/projects/1/team","width":1000,"actualPath":"/office/projects/1/team","overflow":0,"errors":0}
{"route":"/office/projects/1/work-section","width":1000,"actualPath":"/office/projects/1/work-section","overflow":0,"errors":0}
{"route":"/office/projects/1/chat","width":1000,"actualPath":"/office/projects/1/chat","overflow":0,"errors":0}
{"route":"/office/program/all","width":1000,"actualPath":"/office/program/all","overflow":0,"errors":0}
{"route":"/office/program/1/projects","width":1000,"actualPath":"/office/program/1/projects","overflow":0,"errors":0}
{"route":"/office/program/1/members","width":1000,"actualPath":"/office/program/1/members","overflow":0,"errors":0}
{"route":"/office/program/1/projects-rating","width":1000,"actualPath":"/office/program/1/projects-rating","overflow":0,"errors":0}
{"route":"/office/program/1/analytics","width":1000,"actualPath":"/office/program/1/analytics","overflow":0,"errors":0}
{"route":"/office/courses/all","width":1000,"actualPath":"/office/courses/all","overflow":0,"errors":0}
{"route":"/office/courses/1/lesson/1","width":1000,"actualPath":"/office/courses/1/lesson/1","overflow":0,"errors":0}
{"route":"/office/courses/1/lesson/1/results","width":1000,"actualPath":"/office/courses/1/lesson/1/results","overflow":0,"errors":0}
{"route":"/office/members","width":1000,"actualPath":"/office/members","overflow":0,"errors":0}
{"route":"/office/profile/edit","width":1000,"actualPath":"/office/profile/edit","overflow":0,"errors":0}
{"route":"/office/profile/1/news/1","width":1000,"actualPath":"/office/profile/1/news/1","overflow":0,"errors":0}
{"route":"/office/courses/lesson/1","width":1000,"actualPath":"/office/courses/all","overflow":0,"errors":0}
{"route":"/office/courses/lesson/1/results","width":1000,"actualPath":"/office/courses/all","overflow":0,"errors":0}
{"route":"/office/projects/1","width":1000,"actualPath":"/office/projects/1","overflow":0,"errors":0}
{"route":"/office/program/1","width":1000,"actualPath":"/office/program/1","overflow":0,"errors":0}
{"route":"/office/profile/1","width":1000,"actualPath":"/office/profile/1","overflow":0,"errors":0}
{"route":"/office/vacancies/1","width":1000,"actualPath":"/office/vacancies/1","overflow":0,"errors":0}
{"route":"/office/vacancies/my","width":1000,"actualPath":"/office/vacancies/my","overflow":0,"errors":0}
{"route":"/office/courses/1","width":1000,"actualPath":"/office/courses/1","overflow":0,"errors":0}
{"route":"/office/feed","width":1000,"actualPath":"/office/feed","overflow":0,"errors":0}
{"route":"/office/profile/edit?editingStep=main","width":1000,"actualPath":"/office/profile/edit","overflow":0,"errors":0}
{"route":"/office/profile/edit?editingStep=education","width":1000,"actualPath":"/office/profile/edit","overflow":0,"errors":0}
{"route":"/office/profile/edit?editingStep=experience","width":1000,"actualPath":"/office/profile/edit","overflow":0,"errors":0}
{"route":"/office/profile/edit?editingStep=achievements","width":1000,"actualPath":"/office/profile/edit","overflow":0,"errors":0}
{"route":"/office/profile/edit?editingStep=skills","width":1000,"actualPath":"/office/profile/edit","overflow":0,"errors":0}
{"route":"/office/profile/edit?editingStep=settings","width":1000,"actualPath":"/office/profile/edit","overflow":0,"errors":0}
{"route":"/office/projects/1/edit?editingStep=main&programLinkId=1","width":1000,"actualPath":"/office/projects/1/edit","overflow":0,"errors":0}
{"route":"/office/projects/1/edit?editingStep=contacts&programLinkId=1","width":1000,"actualPath":"/office/projects/1/edit","overflow":0,"errors":0}
{"route":"/office/projects/1/edit?editingStep=achievements&programLinkId=1","width":1000,"actualPath":"/office/projects/1/edit","overflow":0,"errors":0}
{"route":"/office/projects/1/edit?editingStep=vacancies&programLinkId=1","width":1000,"actualPath":"/office/projects/1/edit","overflow":0,"errors":0}
{"route":"/office/projects/1/edit?editingStep=team&programLinkId=1","width":1000,"actualPath":"/office/projects/1/edit","overflow":0,"errors":0}
{"route":"/office/projects/1/edit?editingStep=additional&programLinkId=1","width":1000,"actualPath":"/office/projects/1/edit","overflow":0,"errors":0}
{"route":"/auth/login","width":1024,"actualPath":"/auth/login","overflow":0,"errors":0}
{"route":"/auth/register","width":1024,"actualPath":"/auth/register","overflow":0,"errors":0}
{"route":"/auth/verification/email","width":1024,"actualPath":"/auth/verification/email","overflow":0,"errors":0}
{"route":"/auth/reset_password/send_email","width":1024,"actualPath":"/auth/reset_password/send_email","overflow":0,"errors":0}
{"route":"/auth/reset_password?token=responsive-fixture","width":1024,"actualPath":"/auth/reset_password","overflow":0,"errors":0}
{"route":"/auth/reset_password/confirm","width":1024,"actualPath":"/auth/reset_password/confirm","overflow":0,"errors":0}
{"route":"/auth/verification","width":1024,"actualPath":"/office/program/all","overflow":0,"errors":0}
{"route":"/error/404","width":1024,"actualPath":"/error/404","overflow":0,"errors":0}
{"route":"/error/1","width":1024,"actualPath":"/error/1","overflow":0,"errors":0}
{"route":"/office/onboarding/stage-0","width":1024,"actualPath":"/office/onboarding/stage-0","overflow":0,"errors":0}
{"route":"/office/onboarding/stage-1","width":1024,"actualPath":"/office/onboarding/stage-1","overflow":0,"errors":0}
{"route":"/office/onboarding/stage-2","width":1024,"actualPath":"/office/onboarding/stage-2","overflow":0,"errors":0}
{"route":"/office/onboarding/stage-3","width":1024,"actualPath":"/office/onboarding/stage-3","overflow":0,"errors":0}
{"route":"/office/vacancies/all","width":1024,"actualPath":"/office/vacancies/all","overflow":0,"errors":0}
{"route":"/office/projects/dashboard","width":1024,"actualPath":"/office/projects/dashboard","overflow":0,"errors":0}
{"route":"/office/projects/my","width":1024,"actualPath":"/office/projects/my","overflow":0,"errors":0}
{"route":"/office/projects/subscriptions","width":1024,"actualPath":"/office/projects/subscriptions","overflow":0,"errors":0}
{"route":"/office/projects/invites","width":1024,"actualPath":"/office/projects/invites","overflow":0,"errors":0}
{"route":"/office/projects/all","width":1024,"actualPath":"/office/projects/all","overflow":0,"errors":0}
{"route":"/office/projects/1/edit","width":1024,"actualPath":"/office/projects/1/edit","overflow":0,"errors":0}
{"route":"/office/projects/1/news/1","width":1024,"actualPath":"/office/projects/1/news/1","overflow":0,"errors":0}
{"route":"/office/projects/1/vacancies","width":1024,"actualPath":"/office/projects/1/vacancies","overflow":0,"errors":0}
{"route":"/office/projects/1/team","width":1024,"actualPath":"/office/projects/1/team","overflow":0,"errors":0}
{"route":"/office/projects/1/work-section","width":1024,"actualPath":"/office/projects/1/work-section","overflow":0,"errors":0}
{"route":"/office/projects/1/chat","width":1024,"actualPath":"/office/projects/1/chat","overflow":0,"errors":0}
{"route":"/office/program/all","width":1024,"actualPath":"/office/program/all","overflow":0,"errors":0}
{"route":"/office/program/1/projects","width":1024,"actualPath":"/office/program/1/projects","overflow":0,"errors":0}
{"route":"/office/program/1/members","width":1024,"actualPath":"/office/program/1/members","overflow":0,"errors":0}
{"route":"/office/program/1/projects-rating","width":1024,"actualPath":"/office/program/1/projects-rating","overflow":0,"errors":0}
{"route":"/office/program/1/analytics","width":1024,"actualPath":"/office/program/1/analytics","overflow":0,"errors":0}
{"route":"/office/courses/all","width":1024,"actualPath":"/office/courses/all","overflow":0,"errors":0}
{"route":"/office/courses/1/lesson/1","width":1024,"actualPath":"/office/courses/1/lesson/1","overflow":0,"errors":0}
{"route":"/office/courses/1/lesson/1/results","width":1024,"actualPath":"/office/courses/1/lesson/1/results","overflow":0,"errors":0}
{"route":"/office/members","width":1024,"actualPath":"/office/members","overflow":0,"errors":0}
{"route":"/office/profile/edit","width":1024,"actualPath":"/office/profile/edit","overflow":0,"errors":0}
{"route":"/office/profile/1/news/1","width":1024,"actualPath":"/office/profile/1/news/1","overflow":0,"errors":0}
{"route":"/office/courses/lesson/1","width":1024,"actualPath":"/office/courses/all","overflow":0,"errors":0}
{"route":"/office/courses/lesson/1/results","width":1024,"actualPath":"/office/courses/all","overflow":0,"errors":0}
{"route":"/office/projects/1","width":1024,"actualPath":"/office/projects/1","overflow":0,"errors":0}
{"route":"/office/program/1","width":1024,"actualPath":"/office/program/1","overflow":0,"errors":0}
{"route":"/office/profile/1","width":1024,"actualPath":"/office/profile/1","overflow":0,"errors":0}
{"route":"/office/vacancies/1","width":1024,"actualPath":"/office/vacancies/1","overflow":0,"errors":0}
{"route":"/office/vacancies/my","width":1024,"actualPath":"/office/vacancies/my","overflow":0,"errors":0}
{"route":"/office/courses/1","width":1024,"actualPath":"/office/courses/1","overflow":0,"errors":0}
{"route":"/office/feed","width":1024,"actualPath":"/office/feed","overflow":0,"errors":0}
{"route":"/office/profile/edit?editingStep=main","width":1024,"actualPath":"/office/profile/edit","overflow":0,"errors":0}
{"route":"/office/profile/edit?editingStep=education","width":1024,"actualPath":"/office/profile/edit","overflow":0,"errors":0}
{"route":"/office/profile/edit?editingStep=experience","width":1024,"actualPath":"/office/profile/edit","overflow":0,"errors":0}
{"route":"/office/profile/edit?editingStep=achievements","width":1024,"actualPath":"/office/profile/edit","overflow":0,"errors":0}
{"route":"/office/profile/edit?editingStep=skills","width":1024,"actualPath":"/office/profile/edit","overflow":0,"errors":0}
{"route":"/office/profile/edit?editingStep=settings","width":1024,"actualPath":"/office/profile/edit","overflow":0,"errors":0}
{"route":"/office/projects/1/edit?editingStep=main&programLinkId=1","width":1024,"actualPath":"/office/projects/1/edit","overflow":0,"errors":0}
{"route":"/office/projects/1/edit?editingStep=contacts&programLinkId=1","width":1024,"actualPath":"/office/projects/1/edit","overflow":0,"errors":0}
{"route":"/office/projects/1/edit?editingStep=achievements&programLinkId=1","width":1024,"actualPath":"/office/projects/1/edit","overflow":0,"errors":0}
{"route":"/office/projects/1/edit?editingStep=vacancies&programLinkId=1","width":1024,"actualPath":"/office/projects/1/edit","overflow":0,"errors":0}
{"route":"/office/projects/1/edit?editingStep=team&programLinkId=1","width":1024,"actualPath":"/office/projects/1/edit","overflow":0,"errors":0}
{"route":"/office/projects/1/edit?editingStep=additional&programLinkId=1","width":1024,"actualPath":"/office/projects/1/edit","overflow":0,"errors":0}
{"route":"/auth/login","width":1280,"actualPath":"/auth/login","overflow":0,"errors":0}
{"route":"/auth/register","width":1280,"actualPath":"/auth/register","overflow":0,"errors":0}
{"route":"/auth/verification/email","width":1280,"actualPath":"/auth/verification/email","overflow":0,"errors":0}
{"route":"/auth/reset_password/send_email","width":1280,"actualPath":"/auth/reset_password/send_email","overflow":0,"errors":0}
{"route":"/auth/reset_password?token=responsive-fixture","width":1280,"actualPath":"/auth/reset_password","overflow":0,"errors":0}
{"route":"/auth/reset_password/confirm","width":1280,"actualPath":"/auth/reset_password/confirm","overflow":0,"errors":0}
{"route":"/auth/verification","width":1280,"actualPath":"/office/program/all","overflow":0,"errors":0}
{"route":"/error/404","width":1280,"actualPath":"/error/404","overflow":0,"errors":0}
{"route":"/error/1","width":1280,"actualPath":"/error/1","overflow":0,"errors":0}
{"route":"/office/onboarding/stage-0","width":1280,"actualPath":"/office/onboarding/stage-0","overflow":0,"errors":0}
{"route":"/office/onboarding/stage-1","width":1280,"actualPath":"/office/onboarding/stage-1","overflow":0,"errors":0}
{"route":"/office/onboarding/stage-2","width":1280,"actualPath":"/office/onboarding/stage-2","overflow":0,"errors":0}
{"route":"/office/onboarding/stage-3","width":1280,"actualPath":"/office/onboarding/stage-3","overflow":0,"errors":0}
{"route":"/office/vacancies/all","width":1280,"actualPath":"/office/vacancies/all","overflow":0,"errors":0}
{"route":"/office/projects/dashboard","width":1280,"actualPath":"/office/projects/dashboard","overflow":0,"errors":0}
{"route":"/office/projects/my","width":1280,"actualPath":"/office/projects/my","overflow":0,"errors":0}
{"route":"/office/projects/subscriptions","width":1280,"actualPath":"/office/projects/subscriptions","overflow":0,"errors":0}
{"route":"/office/projects/invites","width":1280,"actualPath":"/office/projects/invites","overflow":0,"errors":0}
{"route":"/office/projects/all","width":1280,"actualPath":"/office/projects/all","overflow":0,"errors":0}
{"route":"/office/projects/1/edit","width":1280,"actualPath":"/office/projects/1/edit","overflow":0,"errors":0}
{"route":"/office/projects/1/news/1","width":1280,"actualPath":"/office/projects/1/news/1","overflow":0,"errors":0}
{"route":"/office/projects/1/vacancies","width":1280,"actualPath":"/office/projects/1/vacancies","overflow":0,"errors":0}
{"route":"/office/projects/1/team","width":1280,"actualPath":"/office/projects/1/team","overflow":0,"errors":0}
{"route":"/office/projects/1/work-section","width":1280,"actualPath":"/office/projects/1/work-section","overflow":0,"errors":0}
{"route":"/office/projects/1/chat","width":1280,"actualPath":"/office/projects/1/chat","overflow":0,"errors":0}
{"route":"/office/program/all","width":1280,"actualPath":"/office/program/all","overflow":0,"errors":0}
{"route":"/office/program/1/projects","width":1280,"actualPath":"/office/program/1/projects","overflow":0,"errors":0}
{"route":"/office/program/1/members","width":1280,"actualPath":"/office/program/1/members","overflow":0,"errors":0}
{"route":"/office/program/1/projects-rating","width":1280,"actualPath":"/office/program/1/projects-rating","overflow":0,"errors":0}
{"route":"/office/program/1/analytics","width":1280,"actualPath":"/office/program/1/analytics","overflow":0,"errors":0}
{"route":"/office/courses/all","width":1280,"actualPath":"/office/courses/all","overflow":0,"errors":0}
{"route":"/office/courses/1/lesson/1","width":1280,"actualPath":"/office/courses/1/lesson/1","overflow":0,"errors":0}
{"route":"/office/courses/1/lesson/1/results","width":1280,"actualPath":"/office/courses/1/lesson/1/results","overflow":0,"errors":0}
{"route":"/office/members","width":1280,"actualPath":"/office/members","overflow":0,"errors":0}
{"route":"/office/profile/edit","width":1280,"actualPath":"/office/profile/edit","overflow":0,"errors":0}
{"route":"/office/profile/1/news/1","width":1280,"actualPath":"/office/profile/1/news/1","overflow":0,"errors":0}
{"route":"/office/courses/lesson/1","width":1280,"actualPath":"/office/courses/all","overflow":0,"errors":0}
{"route":"/office/courses/lesson/1/results","width":1280,"actualPath":"/office/courses/all","overflow":0,"errors":0}
{"route":"/office/projects/1","width":1280,"actualPath":"/office/projects/1","overflow":0,"errors":0}
{"route":"/office/program/1","width":1280,"actualPath":"/office/program/1","overflow":0,"errors":0}
{"route":"/office/profile/1","width":1280,"actualPath":"/office/profile/1","overflow":0,"errors":0}
{"route":"/office/vacancies/1","width":1280,"actualPath":"/office/vacancies/1","overflow":0,"errors":0}
{"route":"/office/vacancies/my","width":1280,"actualPath":"/office/vacancies/my","overflow":0,"errors":0}
{"route":"/office/courses/1","width":1280,"actualPath":"/office/courses/1","overflow":0,"errors":0}
{"route":"/office/feed","width":1280,"actualPath":"/office/feed","overflow":0,"errors":0}
{"route":"/office/profile/edit?editingStep=main","width":1280,"actualPath":"/office/profile/edit","overflow":0,"errors":0}
{"route":"/office/profile/edit?editingStep=education","width":1280,"actualPath":"/office/profile/edit","overflow":0,"errors":0}
{"route":"/office/profile/edit?editingStep=experience","width":1280,"actualPath":"/office/profile/edit","overflow":0,"errors":0}
{"route":"/office/profile/edit?editingStep=achievements","width":1280,"actualPath":"/office/profile/edit","overflow":0,"errors":0}
{"route":"/office/profile/edit?editingStep=skills","width":1280,"actualPath":"/office/profile/edit","overflow":0,"errors":0}
{"route":"/office/profile/edit?editingStep=settings","width":1280,"actualPath":"/office/profile/edit","overflow":0,"errors":0}
{"route":"/office/projects/1/edit?editingStep=main&programLinkId=1","width":1280,"actualPath":"/office/projects/1/edit","overflow":0,"errors":0}
{"route":"/office/projects/1/edit?editingStep=contacts&programLinkId=1","width":1280,"actualPath":"/office/projects/1/edit","overflow":0,"errors":0}
{"route":"/office/projects/1/edit?editingStep=achievements&programLinkId=1","width":1280,"actualPath":"/office/projects/1/edit","overflow":0,"errors":0}
{"route":"/office/projects/1/edit?editingStep=vacancies&programLinkId=1","width":1280,"actualPath":"/office/projects/1/edit","overflow":0,"errors":0}
{"route":"/office/projects/1/edit?editingStep=team&programLinkId=1","width":1280,"actualPath":"/office/projects/1/edit","overflow":0,"errors":0}
{"route":"/office/projects/1/edit?editingStep=additional&programLinkId=1","width":1280,"actualPath":"/office/projects/1/edit","overflow":0,"errors":0}
{"checks":342,"failures":0}
