after: feed 320
after: projects 320
after: my-projects 320
after: members 320
after: programs 320
after: program 320
after: profile 320
after: project 320
after: feed 360
after: projects 360
after: my-projects 360
after: members 360
after: programs 360
after: program 360
after: profile 360
after: project 360
after: feed 390
after: projects 390
after: my-projects 390
after: members 390
after: programs 390
after: program 390
after: profile 390
after: project 390
after: feed 430
after: projects 430
after: my-projects 430
after: members 430
after: programs 430
after: program 430
after: profile 430
after: project 430
after: feed 768
after: projects 768
after: my-projects 768
after: members 768
after: programs 768
after: program 768
after: profile 768
after: project 768
after: feed 1440
after: projects 1440
after: my-projects 1440
after: members 1440
after: programs 1440
after: program 1440
after: profile 1440
after: project 1440
48 after captures completed
