{"name":"projects","width":320,"passed":true}
{"name":"vacancies","width":320,"passed":true}
{"name":"programs","width":320,"passed":true}
{"name":"courses","width":320,"passed":true}
{"name":"profile","width":320,"passed":true}
{"name":"profile-edit","width":320,"passed":true}
{"name":"onboarding-0","width":320,"passed":true}
{"name":"onboarding-1","width":320,"passed":true}
{"name":"loading-page","width":320,"passed":true}
{"name":"loading-action","width":320,"passed":true}
{"name":"empty","width":320,"passed":true}
{"name":"error","width":320,"passed":true}
{"name":"disabled-action","width":320,"passed":true}
{"name":"disabled-filter","width":320,"passed":true}
{"name":"validation-register","width":320,"passed":true}
{"name":"validation-onboarding","width":320,"passed":true}
{"name":"projects","width":390,"passed":true}
{"name":"vacancies","width":390,"passed":true}
{"name":"programs","width":390,"passed":true}
{"name":"courses","width":390,"passed":true}
{"name":"profile","width":390,"passed":true}
{"name":"profile-edit","width":390,"passed":true}
{"name":"onboarding-0","width":390,"passed":true}
{"name":"onboarding-1","width":390,"passed":true}
{"name":"loading-page","width":390,"passed":true}
{"name":"loading-action","width":390,"passed":true}
{"name":"empty","width":390,"passed":true}
{"name":"error","width":390,"passed":true}
{"name":"disabled-action","width":390,"passed":true}
{"name":"disabled-filter","width":390,"passed":true}
{"name":"validation-register","width":390,"passed":true}
{"name":"validation-onboarding","width":390,"passed":true}
{"name":"projects","width":1440,"passed":true}
{"name":"vacancies","width":1440,"passed":true}
{"name":"programs","width":1440,"passed":true}
{"name":"courses","width":1440,"passed":true}
{"name":"profile","width":1440,"passed":true}
{"name":"profile-edit","width":1440,"passed":true}
{"name":"onboarding-0","width":1440,"passed":true}
{"name":"onboarding-1","width":1440,"passed":true}
{"name":"loading-page","width":1440,"passed":true}
{"name":"loading-action","width":1440,"passed":true}
{"name":"empty","width":1440,"passed":true}
{"name":"error","width":1440,"passed":true}
{"name":"disabled-action","width":1440,"passed":true}
{"name":"disabled-filter","width":1440,"passed":true}
{"name":"validation-register","width":1440,"passed":true}
{"name":"validation-onboarding","width":1440,"passed":true}
48 UI state checks passed
