
> procollab@0.0.0 build:social:prod
> npm run build:sprite && ng build social_platform --configuration=production


> procollab@0.0.0 build:sprite
> svg-sprite -s --dest=projects/social_platform/src/assets/icons "projects/social_platform/src/assets/icons/svg/**/*.svg"

> Building...
√ Building...
Initial chunk files | Names                       |  Raw size | Estimated transfer size
chunk-CMWO65XR.js   | -                           | 420.68 kB |                73.45 kB
main-BRT7OW7X.js    | main                        | 207.28 kB |                53.24 kB
chunk-T4A3H5UH.js   | -                           | 189.37 kB |                54.84 kB
styles-P7BSPB6M.css | styles                      | 121.29 kB |                10.39 kB
chunk-GVVKGYIE.js   | -                           |  93.53 kB |                23.61 kB
chunk-G3VVFRFH.js   | -                           |  81.75 kB |                25.60 kB
chunk-DSSJA25F.js   | -                           |  73.85 kB |                17.11 kB
chunk-WIGZ3DJV.js   | -                           |  42.82 kB |                 8.67 kB
chunk-NSPQCL6N.js   | -                           |  36.22 kB |                 7.74 kB
chunk-XDK73UF5.js   | -                           |  27.62 kB |                 7.50 kB
chunk-Y2FHRW5T.js   | -                           |  24.97 kB |                 5.05 kB
chunk-B7DOUOL7.js   | -                           |  23.98 kB |                 6.76 kB
chunk-BX2OQJNL.js   | -                           |  17.88 kB |                 5.30 kB
chunk-6U2C74IJ.js   | -                           |  11.43 kB |                 2.59 kB
chunk-GFLWXFA7.js   | -                           |   9.38 kB |                 2.99 kB
chunk-7DUO4VJB.js   | -                           |   4.30 kB |                 1.18 kB
chunk-NYSH7ELB.js   | -                           |   4.10 kB |                 1.50 kB
chunk-Q5MA6ASV.js   | -                           |   3.19 kB |                 1.26 kB
chunk-6NPZSBAZ.js   | -                           |   2.92 kB |               937 bytes
chunk-BHTIOYRG.js   | -                           |   1.52 kB |               559 bytes
chunk-JP4HTDU5.js   | -                           |   1.47 kB |               386 bytes
chunk-N4QDU3YS.js   | -                           |   1.42 kB |               635 bytes
chunk-VOSPIT4N.js   | -                           |   1.22 kB |               521 bytes
chunk-UMKP35NR.js   | -                           | 695 bytes |               695 bytes
chunk-JHUOFMVX.js   | -                           | 483 bytes |               483 bytes
chunk-AHIN33RB.js   | -                           | 474 bytes |               474 bytes
chunk-OKQ7D3JJ.js   | -                           | 465 bytes |               465 bytes
chunk-V7LA3D7J.js   | -                           | 352 bytes |               352 bytes
chunk-Y7FCNQPS.js   | -                           | 195 bytes |               195 bytes
chunk-6SFYD46X.js   | -                           | 180 bytes |               180 bytes
chunk-W2ZPBHP5.js   | -                           | 160 bytes |               160 bytes
chunk-N7PJCV3T.js   | -                           | 128 bytes |               128 bytes
chunk-DKVRXEF2.js   | -                           | 127 bytes |               127 bytes
chunk-PY5GJ2VA.js   | -                           |  51 bytes |                51 bytes
chunk-GDMD5RKS.js   | -                           |  51 bytes |                51 bytes
chunk-NCHAAQO5.js   | -                           |  30 bytes |                30 bytes
chunk-KTRLVWC3.js   | -                           |  30 bytes |                30 bytes
chunk-CRTRRB5R.js   | -                           |  30 bytes |                30 bytes
chunk-PKT6RRYE.js   | -                           |  30 bytes |                30 bytes
chunk-YIJ4Z6S4.js   | -                           |  30 bytes |                30 bytes
chunk-KEPWQ2XV.js   | -                           |  30 bytes |                30 bytes
chunk-FE3JRQRM.js   | -                           |  30 bytes |                30 bytes
chunk-GAELZNYR.js   | -                           |  25 bytes |                25 bytes
chunk-4CQUPGHG.js   | -                           |  25 bytes |                25 bytes
chunk-PPZSTFUD.js   | -                           |  25 bytes |                25 bytes
chunk-UYXSSEQD.js   | -                           |  25 bytes |                25 bytes
chunk-FI4DW6KU.js   | -                           |  25 bytes |                25 bytes
chunk-25HWN6II.js   | -                           |  25 bytes |                25 bytes
chunk-SVFKPVOL.js   | -                           |  25 bytes |                25 bytes

                    | Initial total               |   1.41 MB |               315.55 kB

Lazy chunk files    | Names                       |  Raw size | Estimated transfer size
chunk-HH5XPM2S.js   | detail-routes               | 266.50 kB |                41.70 kB
chunk-4T2VZCZF.js   | onboarding-routes           | 111.41 kB |                15.01 kB
chunk-PRLXDPBM.js   | office-routes               |  95.81 kB |                18.02 kB
chunk-D2NZXFPL.js   | detail-routes               |  89.43 kB |                16.53 kB
chunk-CAV2UGZI.js   | lesson-routes               |  82.66 kB |                10.93 kB
chunk-QSJZZJSJ.js   | -                           |  81.31 kB |                16.04 kB
chunk-DOXBRM4F.js   | projects-routes             |  74.86 kB |                13.89 kB
chunk-AJJJSWEY.js   | index                       |  72.43 kB |                17.54 kB
chunk-H4SKO2QM.js   | auth-routes                 |  69.50 kB |                 9.62 kB
chunk-IWEFTYAF.js   | -                           |  65.03 kB |                13.16 kB
chunk-F2J72EV7.js   | vacancies-detail-routes     |  42.69 kB |                 8.78 kB
chunk-VK2EDBCX.js   | project-team-step-component |  40.03 kB |                 8.04 kB
chunk-UWNZ7W2G.js   | profile-detail-routes       |  40.02 kB |                 7.67 kB
chunk-USMOIENF.js   | course-detail-routes        |  39.61 kB |                 7.10 kB
chunk-K3ZIOKIH.js   | feed-routes                 |  37.83 kB |                 7.56 kB
...and 87 more lazy chunks files. Use "--verbose" to show all the files.

Application bundle generation complete. [29.657 seconds] - 2026-10-04T15:46:37.906Z

▲ [WARNING] 2 repetitive deprecation warnings omitted.
Run in verbose mode to see all warnings. [plugin angular-sass]

  null


▲ [WARNING] NG8107: The left side of this optional chain operation does not include 'null' or 'undefined' in its type, therefore the '?.' operator can be replaced with the '.' operator. [plugin angular-compiler]

    projects/social_platform/src/app/ui/pages/members/member-card/member-card.component.html:7:67:
      7 │ ...card__photo" [url]="member().personal?.avatar || ''" [size]="70" />
        ╵                                           ~~~~~~

  Warning occurs in the template of component MemberCardComponent.

    projects/social_platform/src/app/ui/pages/members/member-card/member-card.component.ts:13:15:
      13 │   templateUrl: "./member-card.component.html",
         ╵                ~~~~~~~~~~~~~~~~~~~~~~~~~~~~~~


▲ [WARNING] NG8107: The left side of this optional chain operation does not include 'null' or 'undefined' in its type, therefore the '?.' operator can be replaced with the '.' operator. [plugin angular-compiler]

    projects/social_platform/src/app/ui/pages/members/member-card/member-card.component.html:13:66:
      13 │ ...er-card__secondary" [title]="member().personal?.speciality || ''">
         ╵                                                    ~~~~~~~~~~

  Warning occurs in the template of component MemberCardComponent.

    projects/social_platform/src/app/ui/pages/members/member-card/member-card.component.ts:13:15:
      13 │   templateUrl: "./member-card.component.html",
         ╵                ~~~~~~~~~~~~~~~~~~~~~~~~~~~~~~


▲ [WARNING] NG8107: The left side of this optional chain operation does not include 'null' or 'undefined' in its type, therefore the '?.' operator can be replaced with the '.' operator. [plugin angular-compiler]

    projects/social_platform/src/app/ui/pages/members/member-card/member-card.component.html:14:28:
      14 │       {{ member().personal?.speciality }}
         ╵                             ~~~~~~~~~~

  Warning occurs in the template of component MemberCardComponent.

    projects/social_platform/src/app/ui/pages/members/member-card/member-card.component.ts:13:15:
      13 │   templateUrl: "./member-card.component.html",
         ╵                ~~~~~~~~~~~~~~~~~~~~~~~~~~~~~~


▲ [WARNING] NG8107: The left side of this optional chain operation does not include 'null' or 'undefined' in its type, therefore the '?.' operator can be replaced with the '.' operator. [plugin angular-compiler]

    projects/social_platform/src/app/ui/pages/members/member-card/member-card.component.html:15:30:
      15 │       @if (member().personal?.birthday; as birthday) {
         ╵                               ~~~~~~~~

  Warning occurs in the template of component MemberCardComponent.

    projects/social_platform/src/app/ui/pages/members/member-card/member-card.component.ts:13:15:
      13 │   templateUrl: "./member-card.component.html",
         ╵                ~~~~~~~~~~~~~~~~~~~~~~~~~~~~~~


▲ [WARNING] NG8107: The left side of this optional chain operation does not include 'null' or 'undefined' in its type, therefore the '?.' operator can be replaced with the '.' operator. [plugin angular-compiler]

    projects/social_platform/src/app/ui/pages/members/member-card/member-card.component.html:16:30:
      16 │         {{ member().personal?.speciality ? " • " : "" }}{{ birth...
         ╵                               ~~~~~~~~~~

  Warning occurs in the template of component MemberCardComponent.

    projects/social_platform/src/app/ui/pages/members/member-card/member-card.component.ts:13:15:
      13 │   templateUrl: "./member-card.component.html",
         ╵                ~~~~~~~~~~~~~~~~~~~~~~~~~~~~~~


▲ [WARNING] NG8113: ProfileInfoComponent is not used within the template of NavComponent [plugin angular-compiler]

    projects/social_platform/src/app/ui/pages/office/nav/nav.component.ts:68:4:
      68 │     ProfileInfoComponent,
         ╵     ~~~~~~~~~~~~~~~~~~~~


▲ [WARNING] NG8107: The left side of this optional chain operation does not include 'null' or 'undefined' in its type, therefore the '?.' operator can be replaced with the '.' operator. [plugin angular-compiler]

    projects/social_platform/src/app/ui/pages/onboarding/stage-zero/stage-zero.component.html:435:45:
      435 │ ...               @if (achievements.at(i)?.get("title"); as title) {
          ╵                                            ~~~

  Warning occurs in the template of component OnboardingStageZeroComponent.

    projects/social_platform/src/app/ui/pages/onboarding/stage-zero/stage-zero.component.ts:23:15:
      23 │   templateUrl: "./stage-zero.component.html",
         ╵                ~~~~~~~~~~~~~~~~~~~~~~~~~~~~~


▲ [WARNING] NG8102: The left side of this nullish coalescing operation does not include 'null' or 'undefined' in its type, therefore the '??' operator can be safely removed. [plugin angular-compiler]

    projects/social_platform/src/app/ui/pages/profile/detail/main/components/profile-left-side/profile-left-side.component.html:28:15:
      28 │ ...        {{ user()!.personal.speciality ?? "не указана" }}
         ╵               ~~~~~~~~~~~~~~~~~~~~~~~~~~~~~~~~~~~~~~

  Warning occurs in the template of component ProfileLeftSideComponent.

    projects/social_platform/src/app/ui/pages/profile/detail/main/components/profile-left-side/profile-left-side.component.ts:23:15:
      23 │   templateUrl: "./profile-left-side.component.html",
         ╵                ~~~~~~~~~~~~~~~~~~~~~~~~~~~~~~~~~~~~


▲ [WARNING] NG8113: TruncatePipe is not used within the template of ProfileLeftSideComponent [plugin angular-compiler]

    projects/social_platform/src/app/ui/pages/profile/detail/main/components/profile-left-side/profile-left-side.component.ts:25:78:
      25 │ ...RouterModule, IconComponent, YearsFromBirthdayPipe, TruncatePipe],
         ╵                                                        ~~~~~~~~~~~~


▲ [WARNING] NG8113: TruncatePipe is not used within the template of ProfileRightSideComponent [plugin angular-compiler]

    projects/social_platform/src/app/ui/pages/profile/detail/main/components/profile-right-side/profile-right-side.component.ts:32:4:
      32 │     TruncatePipe,
         ╵     ~~~~~~~~~~~~


▲ [WARNING] NG8113: UploadFileComponent is not used within the template of ProfileMainStepComponent [plugin angular-compiler]

    projects/social_platform/src/app/ui/pages/profile/edit/components/profile-main-step/profile-main-step.component.ts:33:4:
      33 │     UploadFileComponent,
         ╵     ~~~~~~~~~~~~~~~~~~~


▲ [WARNING] NG8107: The left side of this optional chain operation does not include 'null' or 'undefined' in its type, therefore the '?.' operator can be replaced with the '.' operator. [plugin angular-compiler]

    projects/social_platform/src/app/ui/pages/program/detail/list/list.component.html:95:52:
      95 │ ...      [isSubscribed]="profileProjSubsIds()?.includes(listItem.id)"
         ╵                                                ~~~~~~~~

  Warning occurs in the template of component ProgramListComponent.

    projects/social_platform/src/app/ui/pages/program/detail/list/list.component.ts:40:15:
      40 │   templateUrl: "./list.component.html",
         ╵                ~~~~~~~~~~~~~~~~~~~~~~~


▲ [WARNING] NG8107: The left side of this optional chain operation does not include 'null' or 'undefined' in its type, therefore the '?.' operator can be replaced with the '.' operator. [plugin angular-compiler]

    projects/social_platform/src/app/ui/pages/program/detail/list/list.component.html:103:54:
      103 │ ...     [isSubscribed]="profileProjSubsIds()?.includes(listItem.id)"
          ╵                                               ~~~~~~~~

  Warning occurs in the template of component ProgramListComponent.

    projects/social_platform/src/app/ui/pages/program/detail/list/list.component.ts:40:15:
      40 │   templateUrl: "./list.component.html",
         ╵                ~~~~~~~~~~~~~~~~~~~~~~~


▲ [WARNING] NG8107: The left side of this optional chain operation does not include 'null' or 'undefined' in its type, therefore the '?.' operator can be replaced with the '.' operator. [plugin angular-compiler]

    projects/social_platform/src/app/ui/pages/program/detail/main/main.component.html:73:64:
      73 │ ...)!.isUserMember && program()!.links?.length && program()!.links) {
         ╵                                         ~~~~~~

  Warning occurs in the template of component ProgramDetailMainComponent.

    projects/social_platform/src/app/ui/pages/program/detail/main/main.component.ts:38:15:
      38 │   templateUrl: "./main.component.html",
         ╵                ~~~~~~~~~~~~~~~~~~~~~~~


▲ [WARNING] NG8107: The left side of this optional chain operation does not include 'null' or 'undefined' in its type, therefore the '?.' operator can be replaced with the '.' operator. [plugin angular-compiler]

    projects/social_platform/src/app/ui/pages/program/detail/main/main.component.html:82:68:
      82 │ ...   @if (program()!.isUserMember && program()!.materials?.length) {
         ╵                                                             ~~~~~~

  Warning occurs in the template of component ProgramDetailMainComponent.

    projects/social_platform/src/app/ui/pages/program/detail/main/main.component.ts:38:15:
      38 │   templateUrl: "./main.component.html",
         ╵                ~~~~~~~~~~~~~~~~~~~~~~~


▲ [WARNING] NG8113: MessageInputComponent is not used within the template of ProjectChatComponent [plugin angular-compiler]

    projects/social_platform/src/app/ui/pages/projects/detail/chat/chat.component.ts:34:4:
      34 │     MessageInputComponent,
         ╵     ~~~~~~~~~~~~~~~~~~~~~


▲ [WARNING] NG8107: The left side of this optional chain operation does not include 'null' or 'undefined' in its type, therefore the '?.' operator can be replaced with the '.' operator. [plugin angular-compiler]

    projects/social_platform/src/app/ui/pages/projects/edit/components/project-achievement-step/project-achievement-step.component.html:10:39:
      10 │ ...     @if (achievements.at(i)?.get("title"); as achievementsName) {
         ╵                                  ~~~

  Warning occurs in the template of component ProjectAchievementStepComponent.

    projects/social_platform/src/app/ui/pages/projects/edit/components/project-achievement-step/project-achievement-step.component.ts:17:15:
      17 │   templateUrl: "./project-achievement-step.component.html",
         ╵                ~~~~~~~~~~~~~~~~~~~~~~~~~~~~~~~~~~~~~~~~~~~


▲ [WARNING] NG8107: The left side of this optional chain operation does not include 'null' or 'undefined' in its type, therefore the '?.' operator can be replaced with the '.' operator. [plugin angular-compiler]

    projects/social_platform/src/app/ui/pages/projects/edit/components/project-main-step/project-main-step.component.html:315:32:
      315 │               @if (goals.at(i)?.get("title"); as goalName) {
          ╵                                 ~~~

  Warning occurs in the template of component ProjectMainStepComponent.

    projects/social_platform/src/app/ui/pages/projects/edit/components/project-main-step/project-main-step.component.ts:39:15:
      39 │   templateUrl: "./project-main-step.component.html",
         ╵                ~~~~~~~~~~~~~~~~~~~~~~~~~~~~~~~~~~~~


▲ [WARNING] NG8107: The left side of this optional chain operation does not include 'null' or 'undefined' in its type, therefore the '?.' operator can be replaced with the '.' operator. [plugin angular-compiler]

    projects/social_platform/src/app/ui/pages/projects/edit/components/project-main-step/project-main-step.component.html:331:32:
      331 │               @if (goals.at(i)?.get("completionDate"); as goalDat...
          ╵                                 ~~~

  Warning occurs in the template of component ProjectMainStepComponent.

    projects/social_platform/src/app/ui/pages/projects/edit/components/project-main-step/project-main-step.component.ts:39:15:
      39 │   templateUrl: "./project-main-step.component.html",
         ╵                ~~~~~~~~~~~~~~~~~~~~~~~~~~~~~~~~~~~~


▲ [WARNING] NG8107: The left side of this optional chain operation does not include 'null' or 'undefined' in its type, therefore the '?.' operator can be replaced with the '.' operator. [plugin angular-compiler]

    projects/social_platform/src/app/ui/pages/projects/edit/components/project-main-step/project-main-step.component.html:353:32:
      353 │               @if (goals.at(i)?.get("responsible"); as goalLeader) {
          ╵                                 ~~~

  Warning occurs in the template of component ProjectMainStepComponent.

    projects/social_platform/src/app/ui/pages/projects/edit/components/project-main-step/project-main-step.component.ts:39:15:
      39 │   templateUrl: "./project-main-step.component.html",
         ╵                ~~~~~~~~~~~~~~~~~~~~~~~~~~~~~~~~~~~~


▲ [WARNING] NG8107: The left side of this optional chain operation does not include 'null' or 'undefined' in its type, therefore the '?.' operator can be replaced with the '.' operator. [plugin angular-compiler]

    projects/social_platform/src/app/ui/pages/projects/edit/components/project-partner-resources-step/project-partner-resources-step.component.html:11:37:
      11 │                 @if (partners.at(i)?.get("name"); as name) {
         ╵                                      ~~~

  Warning occurs in the template of component ProjectPartnerResourcesStepComponent.

    projects/social_platform/src/app/ui/pages/projects/edit/components/project-partner-resources-step/project-partner-resources-step.component.ts:20:15:
      20 │   templateUrl: "./project-partner-resources-step.component.html",
         ╵                ~~~~~~~~~~~~~~~~~~~~~~~~~~~~~~~~~~~~~~~~~~~~~~~~~


▲ [WARNING] NG8107: The left side of this optional chain operation does not include 'null' or 'undefined' in its type, therefore the '?.' operator can be replaced with the '.' operator. [plugin angular-compiler]

    projects/social_platform/src/app/ui/pages/projects/edit/components/project-partner-resources-step/project-partner-resources-step.component.html:27:37:
      27 │                 @if (partners.at(i)?.get("inn"); as inn) {
         ╵                                      ~~~

  Warning occurs in the template of component ProjectPartnerResourcesStepComponent.

    projects/social_platform/src/app/ui/pages/projects/edit/components/project-partner-resources-step/project-partner-resources-step.component.ts:20:15:
      20 │   templateUrl: "./project-partner-resources-step.component.html",
         ╵                ~~~~~~~~~~~~~~~~~~~~~~~~~~~~~~~~~~~~~~~~~~~~~~~~~


▲ [WARNING] NG8107: The left side of this optional chain operation does not include 'null' or 'undefined' in its type, therefore the '?.' operator can be replaced with the '.' operator. [plugin angular-compiler]

    projects/social_platform/src/app/ui/pages/projects/edit/components/project-partner-resources-step/project-partner-resources-step.component.html:46:35:
      46 │ ...         @if (partners.at(i)?.get("contribution"); as contribut...
         ╵                                  ~~~

  Warning occurs in the template of component ProjectPartnerResourcesStepComponent.

    projects/social_platform/src/app/ui/pages/projects/edit/components/project-partner-resources-step/project-partner-resources-step.component.ts:20:15:
      20 │   templateUrl: "./project-partner-resources-step.component.html",
         ╵                ~~~~~~~~~~~~~~~~~~~~~~~~~~~~~~~~~~~~~~~~~~~~~~~~~


▲ [WARNING] NG8107: The left side of this optional chain operation does not include 'null' or 'undefined' in its type, therefore the '?.' operator can be replaced with the '.' operator. [plugin angular-compiler]

    projects/social_platform/src/app/ui/pages/projects/edit/components/project-partner-resources-step/project-partner-resources-step.component.html:63:35:
      63 │ ...         @if (partners.at(i)?.get("decisionMaker"); as decision...
         ╵                                  ~~~

  Warning occurs in the template of component ProjectPartnerResourcesStepComponent.

    projects/social_platform/src/app/ui/pages/projects/edit/components/project-partner-resources-step/project-partner-resources-step.component.ts:20:15:
      20 │   templateUrl: "./project-partner-resources-step.component.html",
         ╵                ~~~~~~~~~~~~~~~~~~~~~~~~~~~~~~~~~~~~~~~~~~~~~~~~~


▲ [WARNING] NG8107: The left side of this optional chain operation does not include 'null' or 'undefined' in its type, therefore the '?.' operator can be replaced with the '.' operator. [plugin angular-compiler]

    projects/social_platform/src/app/ui/pages/projects/edit/components/project-partner-resources-step/project-partner-resources-step.component.html:116:36:
      116 │               @if (resources.at(i)?.get("type"); as type) {
          ╵                                     ~~~

  Warning occurs in the template of component ProjectPartnerResourcesStepComponent.

    projects/social_platform/src/app/ui/pages/projects/edit/components/project-partner-resources-step/project-partner-resources-step.component.ts:20:15:
      20 │   templateUrl: "./project-partner-resources-step.component.html",
         ╵                ~~~~~~~~~~~~~~~~~~~~~~~~~~~~~~~~~~~~~~~~~~~~~~~~~


▲ [WARNING] NG8107: The left side of this optional chain operation does not include 'null' or 'undefined' in its type, therefore the '?.' operator can be replaced with the '.' operator. [plugin angular-compiler]

    projects/social_platform/src/app/ui/pages/projects/edit/components/project-partner-resources-step/project-partner-resources-step.component.html:133:36:
      133 │ ...        @if (resources.at(i)?.get("description"); as descripti...
          ╵                                  ~~~

  Warning occurs in the template of component ProjectPartnerResourcesStepComponent.

    projects/social_platform/src/app/ui/pages/projects/edit/components/project-partner-resources-step/project-partner-resources-step.component.ts:20:15:
      20 │   templateUrl: "./project-partner-resources-step.component.html",
         ╵                ~~~~~~~~~~~~~~~~~~~~~~~~~~~~~~~~~~~~~~~~~~~~~~~~~


▲ [WARNING] NG8107: The left side of this optional chain operation does not include 'null' or 'undefined' in its type, therefore the '?.' operator can be replaced with the '.' operator. [plugin angular-compiler]

    projects/social_platform/src/app/ui/pages/projects/edit/components/project-partner-resources-step/project-partner-resources-step.component.html:150:36:
      150 │ ...        @if (resources.at(i)?.get("partnerCompany"); as partne...
          ╵                                  ~~~

  Warning occurs in the template of component ProjectPartnerResourcesStepComponent.

    projects/social_platform/src/app/ui/pages/projects/edit/components/project-partner-resources-step/project-partner-resources-step.component.ts:20:15:
      20 │   templateUrl: "./project-partner-resources-step.component.html",
         ╵                ~~~~~~~~~~~~~~~~~~~~~~~~~~~~~~~~~~~~~~~~~~~~~~~~~


▲ [WARNING] NG8109: isFilterOpen is a function and should be invoked: isFilterOpen() [plugin angular-compiler]

    projects/social_platform/src/app/ui/pages/projects/projects.component.html:98:73:
      98 │ ...s="filter page__filter" [class.page__filter--open]="isFilterOpen">
         ╵                                                        ~~~~~~~~~~~~

  Warning occurs in the template of component ProjectsComponent.

    projects/social_platform/src/app/ui/pages/projects/projects.component.ts:30:15:
      30 │   templateUrl: "./projects.component.html",
         ╵                ~~~~~~~~~~~~~~~~~~~~~~~~~~~


▲ [WARNING] NG8107: The left side of this optional chain operation does not include 'null' or 'undefined' in its type, therefore the '?.' operator can be replaced with the '.' operator. [plugin angular-compiler]

    projects/social_platform/src/app/ui/pages/vacancies/detail/info/components/vacancies-left-side/vacancies-left-side.component.html:7:29:
      7 │       @if (item.description?.trim()) {
        ╵                              ~~~~

  Warning occurs in the template of component VacanciesLeftSideComponent.

    projects/social_platform/src/app/ui/pages/vacancies/detail/info/components/vacancies-left-side/vacancies-left-side.component.ts:9:15:
      9 │   templateUrl: "./vacancies-left-side.component.html",
        ╵                ~~~~~~~~~~~~~~~~~~~~~~~~~~~~~~~~~~~~~~


▲ [WARNING] NG8107: The left side of this optional chain operation does not include 'null' or 'undefined' in its type, therefore the '?.' operator can be replaced with the '.' operator. [plugin angular-compiler]

    projects/social_platform/src/app/ui/pages/vacancies/detail/info/components/vacancies-right-side/vacancies-right-side.component.html:57:23:
      57 │     @if (item.project?.links?.length) {
         ╵                        ~~~~~

  Warning occurs in the template of component VacanciesRightSideComponent.

    projects/social_platform/src/app/ui/pages/vacancies/detail/info/components/vacancies-right-side/vacancies-right-side.component.ts:14:15:
      14 │   templateUrl: "./vacancies-right-side.component.html",
         ╵                ~~~~~~~~~~~~~~~~~~~~~~~~~~~~~~~~~~~~~~~


▲ [WARNING] Deprecation [plugin angular-sass]

    projects/social_platform/src/app/ui/pages/projects/dashboard/dashboardItem/dashboardItem.component.scss:55:4:
      55 │     row-gap: 48px;
         ╵     ^


  Sass's behavior for declarations that appear after nested
  rules will be changing to match the behavior specified by CSS in an upcoming
  version. To keep the existing behavior, move the declaration above the nested
  rule. To opt into the new behavior, wrap the declaration in `& {}`.

  More info: https://sass-lang.com/d/mixed-decls


▲ [WARNING] Deprecation [plugin angular-sass]

    projects/social_platform/src/app/ui/pages/projects/detail/team/team.component.scss:19:4:
      19 │     row-gap: 48px;
         ╵     ^


  Sass's behavior for declarations that appear after nested
  rules will be changing to match the behavior specified by CSS in an upcoming
  version. To keep the existing behavior, move the declaration above the nested
  rule. To opt into the new behavior, wrap the declaration in `& {}`.

  More info: https://sass-lang.com/d/mixed-decls


▲ [WARNING] Deprecation [plugin angular-sass]

    projects/social_platform/src/app/ui/pages/projects/edit/components/project-additional-step/project-additional-step.component.scss:24:2:
      24 │   position: relative;
         ╵   ^


  Sass's behavior for declarations that appear after nested
  rules will be changing to match the behavior specified by CSS in an upcoming
  version. To keep the existing behavior, move the declaration above the nested
  rule. To opt into the new behavior, wrap the declaration in `& {}`.

  More info: https://sass-lang.com/d/mixed-decls


▲ [WARNING] Deprecation [plugin angular-sass]

    projects/social_platform/src/app/ui/pages/projects/edit/components/project-navigation/project-navigation.component.scss:98:4:
      98 │     padding: 4px 12px;
         ╵     ^


  Sass's behavior for declarations that appear after nested
  rules will be changing to match the behavior specified by CSS in an upcoming
  version. To keep the existing behavior, move the declaration above the nested
  rule. To opt into the new behavior, wrap the declaration in `& {}`.

  More info: https://sass-lang.com/d/mixed-decls


▲ [WARNING] Deprecation [plugin angular-sass]

    projects/social_platform/src/app/ui/pages/projects/list/list.component.scss:183:4:
      183 │     row-gap: 48px;
          ╵     ^


  Sass's behavior for declarations that appear after nested
  rules will be changing to match the behavior specified by CSS in an upcoming
  version. To keep the existing behavior, move the declaration above the nested
  rule. To opt into the new behavior, wrap the declaration in `& {}`.

  More info: https://sass-lang.com/d/mixed-decls


▲ [WARNING] Deprecation [plugin angular-sass]

    projects/social_platform/src/app/ui/primitives/autocomplete-input/autocomplete-input.component.scss:58:6:
      58 │       + &_arrow {
         ╵       ^


  The selector "+ .field__input-slim:focus_arrow" is invalid CSS.
  This will be an error in Dart Sass 2.0.0.

  More info: https://sass-lang.com/d/bogus-combinators


▲ [WARNING] Deprecation [plugin angular-sass]

    projects/social_platform/src/app/ui/primitives/autocomplete-input/autocomplete-input.component.scss:61:8:
      61 │         i {
         ╵         ^


  The selector "+ .field__input-slim:focus_arrow i" is invalid CSS.
  This will be an error in Dart Sass 2.0.0.

  More info: https://sass-lang.com/d/bogus-combinators


▲ [WARNING] Deprecation [plugin angular-sass]

    projects/social_platform/src/app/ui/primitives/modal/modal.component.scss:74:8:
      74 │         position: sticky;
         ╵         ^


  Sass's behavior for declarations that appear after nested
  rules will be changing to match the behavior specified by CSS in an upcoming
  version. To keep the existing behavior, move the declaration above the nested
  rule. To opt into the new behavior, wrap the declaration in `& {}`.

  More info: https://sass-lang.com/d/mixed-decls


▲ [WARNING] Deprecation [plugin angular-sass]

    projects/social_platform/src/app/ui/primitives/modal/modal.component.scss:75:8:
      75 │         bottom: 0;
         ╵         ^


  Sass's behavior for declarations that appear after nested
  rules will be changing to match the behavior specified by CSS in an upcoming
  version. To keep the existing behavior, move the declaration above the nested
  rule. To opt into the new behavior, wrap the declaration in `& {}`.

  More info: https://sass-lang.com/d/mixed-decls


▲ [WARNING] Deprecation [plugin angular-sass]

    projects/social_platform/src/app/ui/primitives/modal/modal.component.scss:76:8:
      76 │         z-index: 2;
         ╵         ^


  Sass's behavior for declarations that appear after nested
  rules will be changing to match the behavior specified by CSS in an upcoming
  version. To keep the existing behavior, move the declaration above the nested
  rule. To opt into the new behavior, wrap the declaration in `& {}`.

  More info: https://sass-lang.com/d/mixed-decls


▲ [WARNING] Deprecation [plugin angular-sass]

    projects/social_platform/src/app/ui/primitives/modal/modal.component.scss:77:8:
      77 │         justify-content: center;
         ╵         ^


  Sass's behavior for declarations that appear after nested
  rules will be changing to match the behavior specified by CSS in an upcoming
  version. To keep the existing behavior, move the declaration above the nested
  rule. To opt into the new behavior, wrap the declaration in `& {}`.

  More info: https://sass-lang.com/d/mixed-decls


▲ [WARNING] Deprecation [plugin angular-sass]

    projects/social_platform/src/app/ui/primitives/modal/modal.component.scss:78:8:
      78 │         padding-top: 8px;
         ╵         ^


  Sass's behavior for declarations that appear after nested
  rules will be changing to match the behavior specified by CSS in an upcoming
  version. To keep the existing behavior, move the declaration above the nested
  rule. To opt into the new behavior, wrap the declaration in `& {}`.

  More info: https://sass-lang.com/d/mixed-decls


▲ [WARNING] Deprecation [plugin angular-sass]

    projects/social_platform/src/styles.scss:9:8:
      9 │ @import "styles/colors.scss";
        ╵         ^


  Sass @import rules are deprecated and will be removed in Dart Sass 3.0.0.

  More info and automated migrator: https://sass-lang.com/d/import

  The plugin "angular-sass" was triggered by this import

    angular:styles/global:styles:1:8:
      1 │ @import 'projects/social_platform/src/styles.scss';
        ╵         ~~~~~~~~~~~~~~~~~~~~~~~~~~~~~~~~~~~~~~~~~~


▲ [WARNING] Deprecation [plugin angular-sass]

    projects/social_platform/src/styles.scss:10:8:
      10 │ @import "styles/global.scss";
         ╵         ^


  Sass @import rules are deprecated and will be removed in Dart Sass 3.0.0.

  More info and automated migrator: https://sass-lang.com/d/import

  The plugin "angular-sass" was triggered by this import

    angular:styles/global:styles:1:8:
      1 │ @import 'projects/social_platform/src/styles.scss';
        ╵         ~~~~~~~~~~~~~~~~~~~~~~~~~~~~~~~~~~~~~~~~~~


▲ [WARNING] Deprecation [plugin angular-sass]

    projects/social_platform/src/styles.scss:11:8:
      11 │ @import "styles/responsive.scss";
         ╵         ^


  Sass @import rules are deprecated and will be removed in Dart Sass 3.0.0.

  More info and automated migrator: https://sass-lang.com/d/import

  The plugin "angular-sass" was triggered by this import

    angular:styles/global:styles:1:8:
      1 │ @import 'projects/social_platform/src/styles.scss';
        ╵         ~~~~~~~~~~~~~~~~~~~~~~~~~~~~~~~~~~~~~~~~~~


▲ [WARNING] Deprecation [plugin angular-sass]

    projects/social_platform/src/styles.scss:12:8:
      12 │ @import "styles/rounded.scss";
         ╵         ^


  Sass @import rules are deprecated and will be removed in Dart Sass 3.0.0.

  More info and automated migrator: https://sass-lang.com/d/import

  The plugin "angular-sass" was triggered by this import

    angular:styles/global:styles:1:8:
      1 │ @import 'projects/social_platform/src/styles.scss';
        ╵         ~~~~~~~~~~~~~~~~~~~~~~~~~~~~~~~~~~~~~~~~~~


▲ [WARNING] Deprecation [plugin angular-sass]

    projects/social_platform/src/styles.scss:13:8:
      13 │ @import "styles/typography.scss";
         ╵         ^


  Sass @import rules are deprecated and will be removed in Dart Sass 3.0.0.

  More info and automated migrator: https://sass-lang.com/d/import

  The plugin "angular-sass" was triggered by this import

    angular:styles/global:styles:1:8:
      1 │ @import 'projects/social_platform/src/styles.scss';
        ╵         ~~~~~~~~~~~~~~~~~~~~~~~~~~~~~~~~~~~~~~~~~~


▲ [WARNING] 9 repetitive deprecation warnings omitted.
Run in verbose mode to see all warnings. [plugin angular-sass]

    angular:styles/global:styles:1:8:
      1 │ @import 'projects/social_platform/src/styles.scss';
        ╵         ~~~~~~~~~~~~~~~~~~~~~~~~~~~~~~~~~~~~~~~~~~

  null


▲ [WARNING] bundle initial exceeded maximum budget. Budget 500.00 kB was not met by 905.95 kB with a total of 1.41 MB.


▲ [WARNING] projects/social_platform/src/app/ui/primitives/avatar-control/avatar-control.component.scss exceeded maximum budget. Budget 2.00 kB was not met by 204 bytes with a total of 2.20 kB.


▲ [WARNING] projects/social_platform/src/app/ui/widgets/project-vacancy-card/project-vacancy-card.component.scss exceeded maximum budget. Budget 2.00 kB was not met by 518 bytes with a total of 2.52 kB.


▲ [WARNING] projects/social_platform/src/app/ui/pages/feed/new-project/new-project.component.scss exceeded maximum budget. Budget 2.00 kB was not met by 1.26 kB with a total of 3.26 kB.


▲ [WARNING] projects/social_platform/src/app/ui/widgets/projects-filter/projects-filter.component.scss exceeded maximum budget. Budget 2.00 kB was not met by 2.79 kB with a total of 4.79 kB.


▲ [WARNING] projects/social_platform/src/app/ui/widgets/info-card/info-card.component.scss exceeded maximum budget. Budget 2.00 kB was not met by 5.80 kB with a total of 7.80 kB.


▲ [WARNING] projects/social_platform/src/app/ui/pages/members/members-filters/members-filters.component.scss exceeded maximum budget. Budget 2.00 kB was not met by 2.19 kB with a total of 4.19 kB.


▲ [WARNING] projects/social_platform/src/app/ui/pages/feed/open-vacancy/open-vacancy.component.scss exceeded maximum budget. Budget 2.00 kB was not met by 1.10 kB with a total of 3.10 kB.


▲ [WARNING] projects/social_platform/src/app/ui/widgets/message-input/message-input.component.scss exceeded maximum budget. Budget 2.00 kB was not met by 4.49 kB with a total of 6.49 kB.


▲ [WARNING] projects/ui/src/lib/components/primitives/button/button.component.scss exceeded maximum budget. Budget 2.00 kB was not met by 4.22 kB with a total of 6.22 kB.


▲ [WARNING] projects/social_platform/src/app/ui/pages/courses/lesson/shared/write-task/write-task.component.scss exceeded maximum budget. Budget 2.00 kB was not met by 1.04 kB with a total of 3.04 kB.


▲ [WARNING] projects/social_platform/src/app/ui/widgets/news-card/feed-news-modal/feed-news-modal.component.scss exceeded maximum budget. Budget 2.00 kB was not met by 733 bytes with a total of 2.73 kB.


▲ [WARNING] projects/social_platform/src/app/ui/pages/auth/login/login.component.scss exceeded maximum budget. Budget 2.00 kB was not met by 3.40 kB with a total of 5.40 kB.


▲ [WARNING] projects/social_platform/src/app/ui/pages/auth/email-verification/email-verification.component.scss exceeded maximum budget. Budget 2.00 kB was not met by 2.34 kB with a total of 4.34 kB.


▲ [WARNING] projects/social_platform/src/app/ui/widgets/project-invite/project-invite-dialog.component.scss exceeded maximum budget. Budget 2.00 kB was not met by 7.33 kB with a total of 9.33 kB.


▲ [WARNING] projects/social_platform/src/app/ui/primitives/tag/tag.component.scss exceeded maximum budget. Budget 2.00 kB was not met by 971 bytes with a total of 2.97 kB.


▲ [WARNING] projects/social_platform/src/app/ui/primitives/input/input.component.scss exceeded maximum budget. Budget 2.00 kB was not met by 4.99 kB with a total of 6.99 kB.


▲ [WARNING] projects/social_platform/src/app/ui/pages/profile/edit/components/profile-experience-step/profile-experience-step.component.scss exceeded maximum budget. Budget 2.00 kB was not met by 328 bytes with a total of 2.33 kB.


▲ [WARNING] projects/social_platform/src/app/ui/pages/projects/edit/components/project-team-step/collaborator-card/collaborator-card.component.scss exceeded maximum budget. Budget 2.00 kB was not met by 339 bytes with a total of 2.34 kB.


▲ [WARNING] projects/social_platform/src/app/ui/widgets/feed-filter/feed-filter.component.scss exceeded maximum budget. Budget 2.00 kB was not met by 4.21 kB with a total of 6.21 kB.


▲ [WARNING] projects/social_platform/src/app/ui/pages/profile/detail/main/components/profile-left-side/profile-left-side.component.scss exceeded maximum budget. Budget 2.00 kB was not met by 1.23 kB with a total of 3.23 kB.


▲ [WARNING] projects/social_platform/src/app/ui/widgets/skills-basket/skills-basket.component.scss exceeded maximum budget. Budget 2.00 kB was not met by 2.97 kB with a total of 4.97 kB.


▲ [WARNING] projects/social_platform/src/app/ui/pages/profile/edit/components/profile-main-step/profile-main-step.component.scss exceeded maximum budget. Budget 2.00 kB was not met by 239 bytes with a total of 2.24 kB.


▲ [WARNING] projects/social_platform/src/app/ui/pages/projects/list/list.component.scss exceeded maximum budget. Budget 2.00 kB was not met by 494 bytes with a total of 2.49 kB.


▲ [WARNING] projects/social_platform/src/app/ui/widgets/project-direction-card/project-direction-card.component.scss exceeded maximum budget. Budget 2.00 kB was not met by 1.74 kB with a total of 3.74 kB.


▲ [WARNING] projects/social_platform/src/app/ui/pages/courses/detail/info/course-module-card/circle-progress-bar/circle-progress-bar.component.scss exceeded maximum budget. Budget 2.00 kB was not met by 2.04 kB with a total of 4.04 kB.


▲ [WARNING] projects/social_platform/src/app/ui/pages/profile/edit/components/profile-achievements-step/profile-achievements-step.component.scss exceeded maximum budget. Budget 2.00 kB was not met by 410 bytes with a total of 2.41 kB.


▲ [WARNING] projects/social_platform/src/app/ui/pages/courses/lesson/complete/complete.component.scss exceeded maximum budget. Budget 2.00 kB was not met by 2.23 kB with a total of 4.23 kB.


▲ [WARNING] projects/social_platform/src/app/ui/pages/onboarding/stage-zero/stage-zero.component.scss exceeded maximum budget. Budget 2.00 kB was not met by 1.06 kB with a total of 3.06 kB.


▲ [WARNING] projects/social_platform/src/app/ui/pages/projects/edit/edit.component.scss exceeded maximum budget. Budget 2.00 kB was not met by 4.33 kB with a total of 6.33 kB.


▲ [WARNING] projects/social_platform/src/app/ui/pages/onboarding/stage-three/stage-three.component.scss exceeded maximum budget. Budget 2.00 kB was not met by 2.09 kB with a total of 4.09 kB.


▲ [WARNING] projects/social_platform/src/app/ui/pages/projects/edit/components/project-navigation/project-navigation.component.scss exceeded maximum budget. Budget 2.00 kB was not met by 3.19 kB with a total of 5.19 kB.


▲ [WARNING] projects/social_platform/src/app/ui/widgets/news-card/feed-news-preview/feed-news-preview.component.scss exceeded maximum budget. Budget 2.00 kB was not met by 3.64 kB with a total of 5.64 kB.


▲ [WARNING] projects/social_platform/src/app/ui/pages/courses/lesson/lesson.component.scss exceeded maximum budget. Budget 2.00 kB was not met by 3.24 kB with a total of 5.24 kB.


▲ [WARNING] projects/social_platform/src/app/ui/widgets/detail/detail.component.scss exceeded maximum budget. Budget 2.00 kB was not met by 7.33 kB with a total of 9.33 kB.


▲ [WARNING] projects/social_platform/src/app/ui/pages/program/detail/main/role-widget/program-role-widget.component.scss exceeded maximum budget. Budget 2.00 kB was not met by 2.31 kB with a total of 4.31 kB.


▲ [WARNING] projects/social_platform/src/app/ui/pages/onboarding/stage-two/stage-two.component.scss exceeded maximum budget. Budget 2.00 kB was not met by 4.45 kB with a total of 6.45 kB.


▲ [WARNING] projects/social_platform/src/app/ui/pages/projects/edit/components/project-vacancy-step/project-vacancy-step.component.scss exceeded maximum budget. Budget 2.00 kB was not met by 4.63 kB with a total of 6.63 kB.


▲ [WARNING] projects/social_platform/src/app/ui/pages/vacancies/detail/info/components/vacancy-responses/vacancy-responses.component.scss exceeded maximum budget. Budget 2.00 kB was not met by 986 bytes with a total of 2.99 kB.


▲ [WARNING] projects/social_platform/src/app/ui/pages/program/detail/list/rating-card/project-rating/project-rating.component.scss exceeded maximum budget. Budget 2.00 kB was not met by 2.28 kB with a total of 4.28 kB.


▲ [WARNING] projects/social_platform/src/app/ui/primitives/tooltip/tooltip.component.scss exceeded maximum budget. Budget 2.00 kB was not met by 3.75 kB with a total of 5.75 kB.


▲ [WARNING] projects/social_platform/src/app/ui/pages/projects/edit/components/project-achievement-step/project-achievement-step.component.scss exceeded maximum budget. Budget 2.00 kB was not met by 2.16 kB with a total of 4.16 kB.


▲ [WARNING] projects/social_platform/src/app/ui/pages/projects/edit/components/project-team-step/invite-card/invite-card.component.scss exceeded maximum budget. Budget 2.00 kB was not met by 339 bytes with a total of 2.34 kB.


▲ [WARNING] projects/social_platform/src/app/ui/pages/courses/lesson/shared/file-task/file-task.component.scss exceeded maximum budget. Budget 2.00 kB was not met by 4.83 kB with a total of 6.83 kB.


▲ [WARNING] projects/social_platform/src/app/ui/widgets/news-card/news-card.component.scss exceeded maximum budget. Budget 2.00 kB was not met by 4.53 kB with a total of 6.53 kB.


▲ [WARNING] projects/social_platform/src/app/ui/pages/projects/edit/components/project-main-step/project-main-step.component.scss exceeded maximum budget. Budget 2.00 kB was not met by 5.00 kB with a total of 7.00 kB.


▲ [WARNING] projects/social_platform/src/app/ui/pages/office/office.component.scss exceeded maximum budget. Budget 2.00 kB was not met by 1.11 kB with a total of 3.11 kB.


▲ [WARNING] projects/social_platform/src/app/ui/pages/program/detail/analytics/drilldown/analytics-drilldown.component.scss exceeded maximum budget. Budget 2.00 kB was not met by 7.84 kB with a total of 9.84 kB.


▲ [WARNING] projects/social_platform/src/app/ui/pages/courses/detail/course-detail.component.scss exceeded maximum budget. Budget 2.00 kB was not met by 3.38 kB with a total of 5.38 kB.


▲ [WARNING] projects/social_platform/src/app/ui/pages/auth/register/register.component.scss exceeded maximum budget. Budget 2.00 kB was not met by 3.05 kB with a total of 5.05 kB.


▲ [WARNING] projects/social_platform/src/app/ui/pages/profile/detail/main/components/profile-right-side/profile-right-side.component.scss exceeded maximum budget. Budget 2.00 kB was not met by 1.30 kB with a total of 3.30 kB.


▲ [WARNING] projects/social_platform/src/app/ui/pages/program/detail/main/main.component.scss exceeded maximum budget. Budget 2.00 kB was not met by 4.23 kB with a total of 6.23 kB.


▲ [WARNING] projects/social_platform/src/app/ui/primitives/textarea/textarea.component.scss exceeded maximum budget. Budget 2.00 kB was not met by 3.46 kB with a total of 5.46 kB.


▲ [WARNING] projects/social_platform/src/app/ui/primitives/autocomplete-input/autocomplete-input.component.scss exceeded maximum budget. Budget 2.00 kB was not met by 4.34 kB with a total of 6.34 kB.


▲ [WARNING] projects/social_platform/src/app/ui/pages/profile/edit/components/profile-skills-step/profile-skills-step.component.scss exceeded maximum budget. Budget 2.00 kB was not met by 587 bytes with a total of 2.59 kB.


▲ [WARNING] projects/social_platform/src/app/ui/pages/courses/lesson/shared/radio-select-task/radio-select-task.component.scss exceeded maximum budget. Budget 2.00 kB was not met by 4.71 kB with a total of 6.71 kB.


▲ [WARNING] projects/social_platform/src/app/ui/pages/profile/edit/components/profile-education-step/profile-education-step.component.scss exceeded maximum budget. Budget 2.00 kB was not met by 328 bytes with a total of 2.33 kB.


▲ [WARNING] projects/social_platform/src/app/ui/pages/program/detail/list/rating-card/rating-card.component.scss exceeded maximum budget. Budget 2.00 kB was not met by 4.60 kB with a total of 6.60 kB.


▲ [WARNING] projects/social_platform/src/app/ui/pages/courses/courses.component.scss exceeded maximum budget. Budget 2.00 kB was not met by 2.03 kB with a total of 4.03 kB.


▲ [WARNING] projects/social_platform/src/app/ui/pages/program/detail/analytics/analytics.component.scss exceeded maximum budget. Budget 2.00 kB was not met by 10.97 kB with a total of 12.97 kB.


▲ [WARNING] projects/social_platform/src/app/ui/pages/program/detail/list/program-projects-filter/program-projects-filter.component.scss exceeded maximum budget. Budget 2.00 kB was not met by 3.23 kB with a total of 5.22 kB.


▲ [WARNING] projects/social_platform/src/app/ui/pages/program/detail/list/rating-card/project-rating/components/range-criterion-input/range-criterion-input.component.scss exceeded maximum budget. Budget 2.00 kB was not met by 2.18 kB with a total of 4.18 kB.


▲ [WARNING] projects/social_platform/src/app/ui/widgets/news-card/carousel/carousel.component.scss exceeded maximum budget. Budget 2.00 kB was not met by 3.05 kB with a total of 5.05 kB.


▲ [WARNING] projects/social_platform/src/app/ui/widgets/vacancy-filter/vacancy-filter.component.scss exceeded maximum budget. Budget 2.00 kB was not met by 3.53 kB with a total of 5.53 kB.


▲ [WARNING] projects/social_platform/src/app/ui/widgets/chat-window/chat-message/chat-message.component.scss exceeded maximum budget. Budget 2.00 kB was not met by 3.17 kB with a total of 5.17 kB.


▲ [WARNING] projects/social_platform/src/app/ui/pages/projects/edit/components/project-additional-step/project-additional-step.component.scss exceeded maximum budget. Budget 2.00 kB was not met by 4.14 kB with a total of 6.14 kB.


▲ [WARNING] projects/social_platform/src/app/ui/pages/onboarding/stage-one/stage-one.component.scss exceeded maximum budget. Budget 2.00 kB was not met by 3.46 kB with a total of 5.46 kB.


▲ [WARNING] projects/social_platform/src/app/ui/pages/vacancies/detail/info/info.component.scss exceeded maximum budget. Budget 2.00 kB was not met by 4.07 kB with a total of 6.07 kB.


▲ [WARNING] projects/social_platform/src/app/ui/primitives/select/select.component.scss exceeded maximum budget. Budget 2.00 kB was not met by 3.74 kB with a total of 5.74 kB.


▲ [WARNING] projects/social_platform/src/app/ui/pages/projects/edit/components/project-partner-resources-step/project-partner-resources-step.component.scss exceeded maximum budget. Budget 2.00 kB was not met by 2.00 kB with a total of 4.00 kB.


▲ [WARNING] projects/social_platform/src/app/ui/pages/courses/lesson/shared/exclude-task/exclude-task.component.scss exceeded maximum budget. Budget 2.00 kB was not met by 4.21 kB with a total of 6.21 kB.


▲ [WARNING] projects/social_platform/src/app/ui/pages/courses/list/course/course.component.scss exceeded maximum budget. Budget 2.00 kB was not met by 2.52 kB with a total of 4.52 kB.


▲ [WARNING] projects/social_platform/src/app/ui/pages/program/detail/list/list.component.scss exceeded maximum budget. Budget 2.00 kB was not met by 6.20 kB with a total of 8.20 kB.


▲ [WARNING] projects/social_platform/src/app/ui/pages/onboarding/stage-three/user-type-card/user-type-card.component.scss exceeded maximum budget. Budget 2.00 kB was not met by 2.23 kB with a total of 4.24 kB.


▲ [WARNING] projects/social_platform/src/app/ui/pages/courses/detail/info/info.component.scss exceeded maximum budget. Budget 2.00 kB was not met by 3.12 kB with a total of 5.12 kB.


▲ [WARNING] projects/social_platform/src/app/ui/pages/profile/edit/edit.component.scss exceeded maximum budget. Budget 2.00 kB was not met by 7.26 kB with a total of 9.26 kB.


▲ [WARNING] projects/social_platform/src/app/ui/pages/office/nav/nav.component.scss exceeded maximum budget. Budget 2.00 kB was not met by 3.61 kB with a total of 5.61 kB.


▲ [WARNING] Module 'dayjs' used by 'projects/social_platform/src/app/api/auth/facades/ui/auth-ui-info.service.ts' is not ESM

  CommonJS or AMD dependencies can cause optimization bailouts.
  For more information see: https://angular.dev/tools/cli/build#configuring-commonjs-dependencies


▲ [WARNING] Module 'snakecase-keys' used by 'projects/core/src/lib/interceptors/camelcase.interceptor.ts' is not ESM

  CommonJS or AMD dependencies can cause optimization bailouts.
  For more information see: https://angular.dev/tools/cli/build#configuring-commonjs-dependencies


▲ [WARNING] Module 'dayjs/plugin/customParseFormat' used by 'projects/core/src/lib/services/validation/validation.service.ts' is not ESM

  CommonJS or AMD dependencies can cause optimization bailouts.
  For more information see: https://angular.dev/tools/cli/build#configuring-commonjs-dependencies


▲ [WARNING] Module 'dayjs/plugin/relativeTime' used by 'projects/core/src/lib/services/validation/validation.service.ts' is not ESM

  CommonJS or AMD dependencies can cause optimization bailouts.
  For more information see: https://angular.dev/tools/cli/build#configuring-commonjs-dependencies


▲ [WARNING] Module 'dayjs/plugin/isToday' used by 'projects/core/src/lib/pipes/formatters/dayjs.pipe.ts' is not ESM

  CommonJS or AMD dependencies can cause optimization bailouts.
  For more information see: https://angular.dev/tools/cli/build#configuring-commonjs-dependencies


▲ [WARNING] Module 'dayjs/locale/ru' used by 'projects/core/src/lib/pipes/formatters/dayjs.pipe.ts' is not ESM

  CommonJS or AMD dependencies can cause optimization bailouts.
  For more information see: https://angular.dev/tools/cli/build#configuring-commonjs-dependencies


▲ [WARNING] Module 'file-saver' used by 'projects/social_platform/src/app/utils/export-file.ts' is not ESM

  CommonJS or AMD dependencies can cause optimization bailouts.
  For more information see: https://angular.dev/tools/cli/build#configuring-commonjs-dependencies


▲ [WARNING] Module 'map-obj' used by 'node_modules/camelcase-keys/index.js' is not ESM

  CommonJS or AMD dependencies can cause optimization bailouts.
  For more information see: https://angular.dev/tools/cli/build#configuring-commonjs-dependencies


Output location: Z:\Документы\PROCOLLAB-dev\procollab-dev-platform-responsive\dist\social_platform
